Archive member included to satisfy reference by file (symbol)

/usr/lib/gcc/avr/8.2.0/../../../../avr/lib/avr5/libm.a(fixsfsi.o)
                              obj_hhkb_rn42/common/mousekey.o (__fixsfsi)
/usr/lib/gcc/avr/8.2.0/../../../../avr/lib/avr5/libm.a(fixunssfsi.o)
                              /usr/lib/gcc/avr/8.2.0/../../../../avr/lib/avr5/libm.a(fixsfsi.o) (__fixunssfsi)
/usr/lib/gcc/avr/8.2.0/../../../../avr/lib/avr5/libm.a(floatsisf.o)
                              obj_hhkb_rn42/common/mousekey.o (__floatsisf)
/usr/lib/gcc/avr/8.2.0/../../../../avr/lib/avr5/libm.a(fp_split3.o)
                              /usr/lib/gcc/avr/8.2.0/../../../../avr/lib/avr5/libm.a(fixunssfsi.o) (__fp_splitA)
/usr/lib/gcc/avr/8.2.0/../../../../avr/lib/avr5/libm.a(fp_zero.o)
                              /usr/lib/gcc/avr/8.2.0/../../../../avr/lib/avr5/libm.a(fixunssfsi.o) (__fp_zero)
/usr/lib/gcc/avr/8.2.0/../../../../avr/lib/avr5/libm.a(mulsf3.o)
                              obj_hhkb_rn42/common/mousekey.o (__mulsf3)
/usr/lib/gcc/avr/8.2.0/../../../../avr/lib/avr5/libm.a(mulsf3x.o)
                              /usr/lib/gcc/avr/8.2.0/../../../../avr/lib/avr5/libm.a(mulsf3.o) (__mulsf3x)
/usr/lib/gcc/avr/8.2.0/../../../../avr/lib/avr5/libm.a(fp_inf.o)
                              /usr/lib/gcc/avr/8.2.0/../../../../avr/lib/avr5/libm.a(mulsf3x.o) (__fp_inf)
/usr/lib/gcc/avr/8.2.0/../../../../avr/lib/avr5/libm.a(fp_nan.o)
                              /usr/lib/gcc/avr/8.2.0/../../../../avr/lib/avr5/libm.a(mulsf3x.o) (__fp_nan)
/usr/lib/gcc/avr/8.2.0/../../../../avr/lib/avr5/libm.a(fp_pscA.o)
                              /usr/lib/gcc/avr/8.2.0/../../../../avr/lib/avr5/libm.a(mulsf3x.o) (__fp_pscA)
/usr/lib/gcc/avr/8.2.0/../../../../avr/lib/avr5/libm.a(fp_pscB.o)
                              /usr/lib/gcc/avr/8.2.0/../../../../avr/lib/avr5/libm.a(mulsf3x.o) (__fp_pscB)
/usr/lib/gcc/avr/8.2.0/../../../../avr/lib/avr5/libm.a(fp_round.o)
                              /usr/lib/gcc/avr/8.2.0/../../../../avr/lib/avr5/libm.a(mulsf3.o) (__fp_round)
/usr/lib/gcc/avr/8.2.0/avr5/libgcc.a(_udivmodqi4.o)
                              obj_hhkb_rn42/protocol/lufa/lufa.o (__udivmodqi4)
/usr/lib/gcc/avr/8.2.0/avr5/libgcc.a(_udivmodhi4.o)
                              obj_hhkb_rn42/rn42/rn42_task.o (__udivmodhi4)
/usr/lib/gcc/avr/8.2.0/avr5/libgcc.a(_divmodhi4.o)
                              obj_hhkb_rn42/common/mousekey.o (__divmodhi4)
/usr/lib/gcc/avr/8.2.0/avr5/libgcc.a(_udivmodsi4.o)
                              obj_hhkb_rn42/rn42/rn42_task.o (__udivmodsi4)
/usr/lib/gcc/avr/8.2.0/avr5/libgcc.a(_exit.o)
                              /usr/lib/gcc/avr/8.2.0/../../../../avr/lib/avr5/crtatmega32u4.o (exit)
/usr/lib/gcc/avr/8.2.0/avr5/libgcc.a(_tablejump2.o)
                              obj_hhkb_rn42/rn42/rn42_task.o (__tablejump2__)
/usr/lib/gcc/avr/8.2.0/avr5/libgcc.a(_copy_data.o)
                              obj_hhkb_rn42/rn42/rn42.o (__do_copy_data)
/usr/lib/gcc/avr/8.2.0/avr5/libgcc.a(_clear_bss.o)
                              obj_hhkb_rn42/matrix.o (__do_clear_bss)
/usr/lib/gcc/avr/8.2.0/../../../../avr/lib/avr5/libatmega32u4.a(eerd_byte.o)
                              obj_hhkb_rn42/protocol/lufa/LUFA-git/LUFA/Drivers/USB/Core/AVR8/EndpointStream_AVR8.o (eeprom_read_byte)
/usr/lib/gcc/avr/8.2.0/../../../../avr/lib/avr5/libatmega32u4.a(eeupd_byte.o)
                              obj_hhkb_rn42/protocol/lufa/LUFA-git/LUFA/Drivers/USB/Core/AVR8/EndpointStream_AVR8.o (eeprom_update_byte)

Allocating common symbols
Common symbol       size              file

USB_IsInitialized   0x1               obj_hhkb_rn42/protocol/lufa/LUFA-git/LUFA/Drivers/USB/Core/USBTask.o
USB_DeviceState     0x1               obj_hhkb_rn42/protocol/lufa/LUFA-git/LUFA/Drivers/USB/Core/USBTask.o
USB_Device_ConfigurationNumber
                    0x1               obj_hhkb_rn42/protocol/lufa/LUFA-git/LUFA/Drivers/USB/Core/DeviceStandardReq.o
rn42_nkro_last      0x1               obj_hhkb_rn42/rn42/rn42_task.o
USB_Device_CurrentlySelfPowered
                    0x1               obj_hhkb_rn42/protocol/lufa/LUFA-git/LUFA/Drivers/USB/Core/DeviceStandardReq.o
USB_ControlRequest  0x8               obj_hhkb_rn42/protocol/lufa/LUFA-git/LUFA/Drivers/USB/Core/USBTask.o
USB_Device_RemoteWakeupEnabled
                    0x1               obj_hhkb_rn42/protocol/lufa/LUFA-git/LUFA/Drivers/USB/Core/DeviceStandardReq.o

Discarded input sections

 .data          0x0000000000000000        0x0 /usr/lib/gcc/avr/8.2.0/../../../../avr/lib/avr5/crtatmega32u4.o
 .bss           0x0000000000000000        0x0 /usr/lib/gcc/avr/8.2.0/../../../../avr/lib/avr5/crtatmega32u4.o
 .text          0x0000000000000000        0x0 obj_hhkb_rn42/keymap_hhkb.o
 .data          0x0000000000000000        0x0 obj_hhkb_rn42/keymap_hhkb.o
 .bss           0x0000000000000000        0x0 obj_hhkb_rn42/keymap_hhkb.o
 .text          0x0000000000000000        0x0 obj_hhkb_rn42/matrix.o
[...]
Memory Configuration

Name             Origin             Length             Attributes
text             0x0000000000000000 0x0000000000020000 xr
data             0x0000000000800060 0x000000000000ffa0 rw !x
eeprom           0x0000000000810000 0x0000000000010000 rw !x
fuse             0x0000000000820000 0x0000000000000400 rw !x
lock             0x0000000000830000 0x0000000000000400 rw !x
signature        0x0000000000840000 0x0000000000000400 rw !x
user_signatures  0x0000000000850000 0x0000000000000400 rw !x
*default*        0x0000000000000000 0xffffffffffffffff

Linker script and memory map

Address of section .data set to 0x800100
LOAD /usr/lib/gcc/avr/8.2.0/../../../../avr/lib/avr5/crtatmega32u4.o
LOAD obj_hhkb_rn42/keymap_hhkb.o
LOAD obj_hhkb_rn42/matrix.o
LOAD obj_hhkb_rn42/led.o
LOAD obj_hhkb_rn42/serial_uart.o
LOAD obj_hhkb_rn42/rn42/suart.o
LOAD obj_hhkb_rn42/rn42/rn42.o
LOAD obj_hhkb_rn42/rn42/rn42_task.o
LOAD obj_hhkb_rn42/rn42/battery.o
LOAD obj_hhkb_rn42/rn42/main.o
LOAD obj_hhkb_rn42/protocol/lufa/lufa.o
LOAD obj_hhkb_rn42/protocol/lufa/descriptor.o
LOAD obj_hhkb_rn42/protocol/lufa/LUFA-git/LUFA/Drivers/USB/Class/Common/HIDParser.o
LOAD obj_hhkb_rn42/protocol/lufa/LUFA-git/LUFA/Drivers/USB/Core/AVR8/Device_AVR8.o
LOAD obj_hhkb_rn42/protocol/lufa/LUFA-git/LUFA/Drivers/USB/Core/AVR8/EndpointStream_AVR8.o
LOAD obj_hhkb_rn42/protocol/lufa/LUFA-git/LUFA/Drivers/USB/Core/AVR8/Endpoint_AVR8.o
LOAD obj_hhkb_rn42/protocol/lufa/LUFA-git/LUFA/Drivers/USB/Core/AVR8/Host_AVR8.o
LOAD obj_hhkb_rn42/protocol/lufa/LUFA-git/LUFA/Drivers/USB/Core/AVR8/PipeStream_AVR8.o
LOAD obj_hhkb_rn42/protocol/lufa/LUFA-git/LUFA/Drivers/USB/Core/AVR8/Pipe_AVR8.o
LOAD obj_hhkb_rn42/protocol/lufa/LUFA-git/LUFA/Drivers/USB/Core/AVR8/USBController_AVR8.o
LOAD obj_hhkb_rn42/protocol/lufa/LUFA-git/LUFA/Drivers/USB/Core/AVR8/USBInterrupt_AVR8.o
LOAD obj_hhkb_rn42/protocol/lufa/LUFA-git/LUFA/Drivers/USB/Core/ConfigDescriptors.o
LOAD obj_hhkb_rn42/protocol/lufa/LUFA-git/LUFA/Drivers/USB/Core/DeviceStandardReq.o
LOAD obj_hhkb_rn42/protocol/lufa/LUFA-git/LUFA/Drivers/USB/Core/Events.o
LOAD obj_hhkb_rn42/protocol/lufa/LUFA-git/LUFA/Drivers/USB/Core/HostStandardReq.o
LOAD obj_hhkb_rn42/protocol/lufa/LUFA-git/LUFA/Drivers/USB/Core/USBTask.o
LOAD obj_hhkb_rn42/common/host.o
LOAD obj_hhkb_rn42/common/keyboard.o
LOAD obj_hhkb_rn42/common/matrix.o
LOAD obj_hhkb_rn42/common/action.o
LOAD obj_hhkb_rn42/common/action_tapping.o
LOAD obj_hhkb_rn42/common/action_macro.o
LOAD obj_hhkb_rn42/common/action_layer.o
LOAD obj_hhkb_rn42/common/action_util.o
LOAD obj_hhkb_rn42/common/print.o
LOAD obj_hhkb_rn42/common/debug.o
LOAD obj_hhkb_rn42/common/util.o
LOAD obj_hhkb_rn42/common/hook.o
LOAD obj_hhkb_rn42/common/avr/suspend.o
LOAD obj_hhkb_rn42/common/avr/xprintf.o
LOAD obj_hhkb_rn42/common/avr/timer.o
LOAD obj_hhkb_rn42/common/avr/bootloader.o
LOAD obj_hhkb_rn42/common/keymap.o
LOAD obj_hhkb_rn42/common/mousekey.o
LOAD obj_hhkb_rn42/common/command.o
LOAD /usr/lib/gcc/avr/8.2.0/../../../../avr/lib/avr5/libm.a
START GROUP
LOAD /usr/lib/gcc/avr/8.2.0/avr5/libgcc.a
LOAD /usr/lib/gcc/avr/8.2.0/../../../../avr/lib/avr5/libm.a
LOAD /usr/lib/gcc/avr/8.2.0/../../../../avr/lib/avr5/libc.a
LOAD /usr/lib/gcc/avr/8.2.0/../../../../avr/lib/avr5/libatmega32u4.a
END GROUP
                0x0000000000020000                __TEXT_REGION_LENGTH__ = DEFINED (__TEXT_REGION_LENGTH__)?__TEXT_REGION_LENGTH__:0x20000
                0x000000000000ffa0                __DATA_REGION_LENGTH__ = DEFINED (__DATA_REGION_LENGTH__)?__DATA_REGION_LENGTH__:0xffa0
                0x0000000000010000                __EEPROM_REGION_LENGTH__ = DEFINED (__EEPROM_REGION_LENGTH__)?__EEPROM_REGION_LENGTH__:0x10000
                0x0000000000000400                __FUSE_REGION_LENGTH__ = DEFINED (__FUSE_REGION_LENGTH__)?__FUSE_REGION_LENGTH__:0x400
                0x0000000000000400                __LOCK_REGION_LENGTH__ = DEFINED (__LOCK_REGION_LENGTH__)?__LOCK_REGION_LENGTH__:0x400
                0x0000000000000400                __SIGNATURE_REGION_LENGTH__ = DEFINED (__SIGNATURE_REGION_LENGTH__)?__SIGNATURE_REGION_LENGTH__:0x400
                0x0000000000000400                __USER_SIGNATURE_REGION_LENGTH__ = DEFINED (__USER_SIGNATURE_REGION_LENGTH__)?__USER_SIGNATURE_REGION_LENGTH__:0x400

.hash
 *(.hash)

.dynsym
 *(.dynsym)

.dynstr
 *(.dynstr)

.gnu.version
 *(.gnu.version)

.gnu.version_d
 *(.gnu.version_d)

.gnu.version_r
 *(.gnu.version_r)

.rel.init
 *(.rel.init)

.rela.init
 *(.rela.init)

.rel.text
 *(.rel.text)
 *(.rel.text.*)
 *(.rel.gnu.linkonce.t*)

.rela.text
 *(.rela.text)
 *(.rela.text.*)
 *(.rela.gnu.linkonce.t*)

.rel.fini
 *(.rel.fini)

.rela.fini
 *(.rela.fini)

.rel.rodata
 *(.rel.rodata)
 *(.rel.rodata.*)
 *(.rel.gnu.linkonce.r*)

.rela.rodata
 *(.rela.rodata)
 *(.rela.rodata.*)
 *(.rela.gnu.linkonce.r*)

.rel.data
 *(.rel.data)
 *(.rel.data.*)
 *(.rel.gnu.linkonce.d*)

.rela.data
 *(.rela.data)
 *(.rela.data.*)
 *(.rela.gnu.linkonce.d*)

.rel.ctors
 *(.rel.ctors)

.rela.ctors
 *(.rela.ctors)

.rel.dtors
 *(.rel.dtors)

.rela.dtors
 *(.rela.dtors)

.rel.got
 *(.rel.got)

.rela.got
 *(.rela.got)

.rel.bss
 *(.rel.bss)

.rela.bss
 *(.rela.bss)

.rel.plt
 *(.rel.plt)

.rela.plt
 *(.rela.plt)

.text           0x0000000000000000     0x5f36
 *(.vectors)
 .vectors       0x0000000000000000       0xac /usr/lib/gcc/avr/8.2.0/../../../../avr/lib/avr5/crtatmega32u4.o
                0x0000000000000000                __vectors
                0x0000000000000000                __vector_default
 *(.vectors)
 *(.progmem.gcc*)
                0x00000000000000ac                . = ALIGN (0x2)
                0x00000000000000ac                __trampolines_start = .
 *(.trampolines)
 .trampolines   0x00000000000000ac        0x0 linker stubs
 *(.trampolines*)
                0x00000000000000ac                __trampolines_end = .
 *libprintf_flt.a:*(.progmem.data)
 *libc.a:*(.progmem.data)
 *(.progmem.*)
 .progmem.data.fn_actions
                0x00000000000000ac        0x6 obj_hhkb_rn42/keymap_hhkb.o
                0x00000000000000ac                fn_actions
 .progmem.data.keymaps
                0x00000000000000b2       0xc0 obj_hhkb_rn42/keymap_hhkb.o
                0x00000000000000b2                keymaps
 .progmem.data.__c.4686
                0x0000000000000172        0x3 obj_hhkb_rn42/rn42/rn42.o
 .progmem.data.__c.4680
                0x0000000000000175        0x5 obj_hhkb_rn42/rn42/rn42.o
 .progmem.data.__c.5014
                0x000000000000017a        0x6 obj_hhkb_rn42/rn42/rn42_task.o
 .progmem.data.__c.5012
                0x0000000000000180        0xa obj_hhkb_rn42/rn42/rn42_task.o
 .progmem.data.__c.5010
                0x000000000000018a        0xa obj_hhkb_rn42/rn42/rn42_task.o
 .progmem.data.__c.5008
                0x0000000000000194        0x7 obj_hhkb_rn42/rn42/rn42_task.o
 .progmem.data.__c.5006
                0x000000000000019b        0xa obj_hhkb_rn42/rn42/rn42_task.o
 .progmem.data.__c.5004
                0x00000000000001a5        0x7 obj_hhkb_rn42/rn42/rn42_task.o
 .progmem.data.__c.5002
                0x00000000000001ac       0x14 obj_hhkb_rn42/rn42/rn42_task.o
 .progmem.data.__c.5000
                0x00000000000001c0        0xb obj_hhkb_rn42/rn42/rn42_task.o
 .progmem.data.__c.4998
                0x00000000000001cb        0x7 obj_hhkb_rn42/rn42/rn42_task.o
 .progmem.data.__c.4993
                0x00000000000001d2        0x6 obj_hhkb_rn42/rn42/rn42_task.o
 .progmem.data.__c.4991
                0x00000000000001d8       0x19 obj_hhkb_rn42/rn42/rn42_task.o
 .progmem.data.__c.4986
                0x00000000000001f1        0x4 obj_hhkb_rn42/rn42/rn42_task.o
 .progmem.data.__c.4984
                0x00000000000001f5        0x4 obj_hhkb_rn42/rn42/rn42_task.o
 .progmem.data.__c.4981
                0x00000000000001f9        0x4 obj_hhkb_rn42/rn42/rn42_task.o
 .progmem.data.__c.4979
                0x00000000000001fd       0x1a obj_hhkb_rn42/rn42/rn42_task.o
 .progmem.data.__c.5021
                0x0000000000000217        0x6 obj_hhkb_rn42/rn42/rn42_task.o
 .progmem.data.__c.5019
                0x000000000000021d        0x7 obj_hhkb_rn42/rn42/rn42_task.o
 .progmem.data.__c.5102
                0x0000000000000224        0xa obj_hhkb_rn42/rn42/rn42_task.o
 .progmem.data.__c.5100
                0x000000000000022e        0xb obj_hhkb_rn42/rn42/rn42_task.o
 .progmem.data.__c.5097
                0x0000000000000239        0x6 obj_hhkb_rn42/rn42/rn42_task.o
 .progmem.data.__c.5095
                0x000000000000023f        0x6 obj_hhkb_rn42/rn42/rn42_task.o
 .progmem.data.__c.5093
                0x0000000000000245        0x6 obj_hhkb_rn42/rn42/rn42_task.o
 .progmem.data.__c.5091
                0x000000000000024b        0xb obj_hhkb_rn42/rn42/rn42_task.o
 .progmem.data.__c.5088
                0x0000000000000256       0x1d obj_hhkb_rn42/rn42/rn42_task.o
 .progmem.data.__c.5082
                0x0000000000000273        0xa obj_hhkb_rn42/rn42/rn42_task.o
 .progmem.data.__c.5080
                0x000000000000027d       0x19 obj_hhkb_rn42/rn42/rn42_task.o
 .progmem.data.__c.5078
                0x0000000000000296        0x2 obj_hhkb_rn42/rn42/rn42_task.o
 .progmem.data.__c.5076
                0x0000000000000298        0x2 obj_hhkb_rn42/rn42/rn42_task.o
 .progmem.data.__c.5073
                0x000000000000029a        0x4 obj_hhkb_rn42/rn42/rn42_task.o
 .progmem.data.__c.5070
                0x000000000000029e        0x7 obj_hhkb_rn42/rn42/rn42_task.o
 .progmem.data.__c.5067
                0x00000000000002a5        0x6 obj_hhkb_rn42/rn42/rn42_task.o
 .progmem.data.__c.5063
                0x00000000000002ab        0x5 obj_hhkb_rn42/rn42/rn42_task.o
 .progmem.data.__c.5060
                0x00000000000002b0        0xa obj_hhkb_rn42/rn42/rn42_task.o
 .progmem.data.__c.5058
                0x00000000000002ba        0xf obj_hhkb_rn42/rn42/rn42_task.o
 .progmem.data.__c.5056
                0x00000000000002c9       0x11 obj_hhkb_rn42/rn42/rn42_task.o
 .progmem.data.__c.5054
                0x00000000000002da       0x1b obj_hhkb_rn42/rn42/rn42_task.o
 .progmem.data.__c.5052
                0x00000000000002f5        0xa obj_hhkb_rn42/rn42/rn42_task.o
 .progmem.data.__c.5050
                0x00000000000002ff        0xf obj_hhkb_rn42/rn42/rn42_task.o
 .progmem.data.__c.5048
                0x000000000000030e        0xe obj_hhkb_rn42/rn42/rn42_task.o
 .progmem.data.__c.5046
                0x000000000000031c       0x19 obj_hhkb_rn42/rn42/rn42_task.o
 .progmem.data.__c.5042
                0x0000000000000335       0x20 obj_hhkb_rn42/rn42/rn42_task.o
 .progmem.data.__c.5040
                0x0000000000000355       0x12 obj_hhkb_rn42/rn42/rn42_task.o
 .progmem.data.__c.5038
                0x0000000000000367       0x1b obj_hhkb_rn42/rn42/rn42_task.o
 .progmem.data.__c.5036
                0x0000000000000382       0x27 obj_hhkb_rn42/rn42/rn42_task.o
 .progmem.data.__c.5034
                0x00000000000003a9       0x1a obj_hhkb_rn42/rn42/rn42_task.o
 .progmem.data.__c.5032
                0x00000000000003c3       0x15 obj_hhkb_rn42/rn42/rn42_task.o
 .progmem.data.__c.5030
                0x00000000000003d8       0x24 obj_hhkb_rn42/rn42/rn42_task.o
 .progmem.data.__c.4970
                0x00000000000003fc       0x15 obj_hhkb_rn42/rn42/rn42_task.o
 .progmem.data.__c.4956
                0x0000000000000411       0x12 obj_hhkb_rn42/rn42/rn42_task.o
 .progmem.data.__c.4950
                0x0000000000000423        0x6 obj_hhkb_rn42/rn42/rn42_task.o
 .progmem.data.__c.4948
                0x0000000000000429        0x3 obj_hhkb_rn42/rn42/rn42_task.o
 .progmem.data.__c.4906
                0x000000000000042c        0x4 obj_hhkb_rn42/rn42/main.o
 .progmem.data.__c.4904
                0x0000000000000430       0x10 obj_hhkb_rn42/rn42/main.o
 .progmem.data.__c.4902
                0x0000000000000440        0xc obj_hhkb_rn42/rn42/main.o
 .progmem.data.__c.4900
                0x000000000000044c        0xb obj_hhkb_rn42/rn42/main.o
 .progmem.data.__c.4879
                0x0000000000000457        0x4 obj_hhkb_rn42/protocol/lufa/lufa.o
 .progmem.data.__c.4874
                0x000000000000045b        0x4 obj_hhkb_rn42/protocol/lufa/lufa.o
 .progmem.data.ProductString
                0x000000000000045f       0x14 obj_hhkb_rn42/protocol/lufa/descriptor.o
                0x000000000000045f                ProductString
 .progmem.data.ManufacturerString
                0x0000000000000473       0x10 obj_hhkb_rn42/protocol/lufa/descriptor.o
                0x0000000000000473                ManufacturerString
 .progmem.data.LanguageString
                0x0000000000000483        0x4 obj_hhkb_rn42/protocol/lufa/descriptor.o
                0x0000000000000483                LanguageString
 .progmem.data.ConfigurationDescriptor
                0x0000000000000487       0x8d obj_hhkb_rn42/protocol/lufa/descriptor.o
                0x0000000000000487                ConfigurationDescriptor
 .progmem.data.DeviceDescriptor
                0x0000000000000514       0x12 obj_hhkb_rn42/protocol/lufa/descriptor.o
                0x0000000000000514                DeviceDescriptor
 .progmem.data.NKROReport
                0x0000000000000526       0x39 obj_hhkb_rn42/protocol/lufa/descriptor.o
                0x0000000000000526                NKROReport
 .progmem.data.ConsoleReport
                0x000000000000055f       0x22 obj_hhkb_rn42/protocol/lufa/descriptor.o
                0x000000000000055f                ConsoleReport
 .progmem.data.ExtrakeyReport
                0x0000000000000581       0x36 obj_hhkb_rn42/protocol/lufa/descriptor.o
                0x0000000000000581                ExtrakeyReport
 .progmem.data.MouseReport
                0x00000000000005b7       0x4d obj_hhkb_rn42/protocol/lufa/descriptor.o
                0x00000000000005b7                MouseReport
 .progmem.data.KeyboardReport
                0x0000000000000604       0x40 obj_hhkb_rn42/protocol/lufa/descriptor.o
                0x0000000000000604                KeyboardReport
 .progmem.data.__c.4596
                0x0000000000000644       0x10 obj_hhkb_rn42/common/host.o
 .progmem.data.__c.4591
                0x0000000000000654        0xe obj_hhkb_rn42/common/host.o
 .progmem.data.__c.4583
                0x0000000000000662        0x2 obj_hhkb_rn42/common/host.o
 .progmem.data.__c.4578
                0x0000000000000664        0x6 obj_hhkb_rn42/common/host.o
 .progmem.data.__c.4575
                0x000000000000066a        0xb obj_hhkb_rn42/common/host.o
 .progmem.data.__c.4926
                0x0000000000000675        0xb obj_hhkb_rn42/common/keyboard.o
 .progmem.data.__c.1793
                0x0000000000000680        0xe obj_hhkb_rn42/common/matrix.o
 .progmem.data.__c.1790
                0x000000000000068e        0xe obj_hhkb_rn42/common/matrix.o
 .progmem.data.__c.4726
                0x000000000000069c       0x1e obj_hhkb_rn42/common/action_util.o
 .progmem.data.__c.4721
                0x00000000000006ba       0x1e obj_hhkb_rn42/common/action_util.o
 .progmem.data.__c.4634
                0x00000000000006d8       0x12 obj_hhkb_rn42/common/action_util.o
 .progmem.data.__c.4655
                0x00000000000006ea        0x3 obj_hhkb_rn42/common/mousekey.o
 .progmem.data.__c.4653
                0x00000000000006ed        0x3 obj_hhkb_rn42/common/mousekey.o
 .progmem.data.__c.4651
                0x00000000000006f0        0x2 obj_hhkb_rn42/common/mousekey.o
 .progmem.data.__c.4649
                0x00000000000006f2        0x3 obj_hhkb_rn42/common/mousekey.o
 .progmem.data.__c.4647
                0x00000000000006f5        0x3 obj_hhkb_rn42/common/mousekey.o
 .progmem.data.__c.4645
                0x00000000000006f8        0x3 obj_hhkb_rn42/common/mousekey.o
 .progmem.data.__c.4643
                0x00000000000006fb        0x2 obj_hhkb_rn42/common/mousekey.o
 .progmem.data.__c.4641
                0x00000000000006fd        0x3 obj_hhkb_rn42/common/mousekey.o
 .progmem.data.__c.4639
                0x0000000000000700        0x2 obj_hhkb_rn42/common/mousekey.o
 .progmem.data.__c.4637
                0x0000000000000702        0x3 obj_hhkb_rn42/common/mousekey.o
 .progmem.data.__c.4635
                0x0000000000000705        0x2 obj_hhkb_rn42/common/mousekey.o
 .progmem.data.__c.4633
                0x0000000000000707        0x3 obj_hhkb_rn42/common/mousekey.o
 .progmem.data.__c.4631
                0x000000000000070a        0x2 obj_hhkb_rn42/common/mousekey.o
 .progmem.data.__c.4629
                0x000000000000070c        0x5 obj_hhkb_rn42/common/mousekey.o
 .progmem.data.__c.4627
                0x0000000000000711       0x23 obj_hhkb_rn42/common/mousekey.o
 .progmem.data.__c.5155
                0x0000000000000734       0x1b obj_hhkb_rn42/common/command.o
 .progmem.data.__c.5152
                0x000000000000074f       0x19 obj_hhkb_rn42/common/command.o
 .progmem.data.__c.5149
                0x0000000000000768       0x15 obj_hhkb_rn42/common/command.o
 .progmem.data.__c.5146
                0x000000000000077d       0x13 obj_hhkb_rn42/common/command.o
 .progmem.data.__c.5143
                0x0000000000000790       0x12 obj_hhkb_rn42/common/command.o
 .progmem.data.__c.5139
                0x00000000000007a2        0xf obj_hhkb_rn42/common/command.o
 .progmem.data.__c.5132
                0x00000000000007b1       0x1b obj_hhkb_rn42/common/command.o
 .progmem.data.__c.5129
                0x00000000000007cc       0x19 obj_hhkb_rn42/common/command.o
 .progmem.data.__c.5126
                0x00000000000007e5       0x15 obj_hhkb_rn42/common/command.o
 .progmem.data.__c.5123
                0x00000000000007fa       0x13 obj_hhkb_rn42/common/command.o
 .progmem.data.__c.5120
                0x000000000000080d       0x12 obj_hhkb_rn42/common/command.o
 .progmem.data.__c.5116
                0x000000000000081f        0xf obj_hhkb_rn42/common/command.o
 .progmem.data.__c.5109
                0x000000000000082e        0x2 obj_hhkb_rn42/common/command.o
 .progmem.data.__c.5107
                0x0000000000000830        0x3 obj_hhkb_rn42/common/command.o
 .progmem.data.__c.5105
                0x0000000000000833       0x17 obj_hhkb_rn42/common/command.o
 .progmem.data.__c.5103
                0x000000000000084a        0x2 obj_hhkb_rn42/common/command.o
 .progmem.data.__c.5101
                0x000000000000084c        0x3 obj_hhkb_rn42/common/command.o
 .progmem.data.__c.5099
                0x000000000000084f       0x15 obj_hhkb_rn42/common/command.o
 .progmem.data.__c.5097
                0x0000000000000864        0x2 obj_hhkb_rn42/common/command.o
 .progmem.data.__c.5095
                0x0000000000000866        0x3 obj_hhkb_rn42/common/command.o
 .progmem.data.__c.5093
                0x0000000000000869       0x11 obj_hhkb_rn42/common/command.o
 .progmem.data.__c.5091
                0x000000000000087a        0x2 obj_hhkb_rn42/common/command.o
 .progmem.data.__c.5089
                0x000000000000087c        0x3 obj_hhkb_rn42/common/command.o
 .progmem.data.__c.5087
                0x000000000000087f        0xf obj_hhkb_rn42/common/command.o
 .progmem.data.__c.5085
                0x000000000000088e        0x2 obj_hhkb_rn42/common/command.o
 .progmem.data.__c.5083
                0x0000000000000890        0x3 obj_hhkb_rn42/common/command.o
 .progmem.data.__c.5081
                0x0000000000000893       0x12 obj_hhkb_rn42/common/command.o
 .progmem.data.__c.5079
                0x00000000000008a5        0x2 obj_hhkb_rn42/common/command.o
 .progmem.data.__c.5077
                0x00000000000008a7        0x3 obj_hhkb_rn42/common/command.o
 .progmem.data.__c.5075
                0x00000000000008aa       0x12 obj_hhkb_rn42/common/command.o
 .progmem.data.__c.5073
                0x00000000000008bc        0xe obj_hhkb_rn42/common/command.o
 .progmem.data.__c.5193
                0x00000000000008ca        0x3 obj_hhkb_rn42/common/command.o
 .progmem.data.__c.5191
                0x00000000000008cd        0x6 obj_hhkb_rn42/common/command.o
 .progmem.data.__c.5189
                0x00000000000008d3        0x2 obj_hhkb_rn42/common/command.o
 .progmem.data.__c.5186
                0x00000000000008d5        0xd obj_hhkb_rn42/common/command.o
 .progmem.data.__c.5172
                0x00000000000008e2        0x4 obj_hhkb_rn42/common/command.o
 .progmem.data.__c.5162
                0x00000000000008e6       0x4e obj_hhkb_rn42/common/command.o
 .progmem.data.__c.5160
                0x0000000000000934       0xfb obj_hhkb_rn42/common/command.o
 .progmem.data.__c.5065
                0x0000000000000a2f        0x2 obj_hhkb_rn42/common/command.o
 .progmem.data.__c.5062
                0x0000000000000a31        0x4 obj_hhkb_rn42/common/command.o
 .progmem.data.__c.5067
                0x0000000000000a35        0x4 obj_hhkb_rn42/common/command.o
 .progmem.data.__c.5211
                0x0000000000000a39        0x5 obj_hhkb_rn42/common/command.o
 .progmem.data.__c.5051
                0x0000000000000a3e       0x27 obj_hhkb_rn42/common/command.o
 .progmem.data.__c.4974
                0x0000000000000a65       0x9b obj_hhkb_rn42/common/command.o
 .progmem.data.__c.5046
                0x0000000000000b00        0x2 obj_hhkb_rn42/common/command.o
 .progmem.data.__c.5037
                0x0000000000000b02        0xb obj_hhkb_rn42/common/command.o
 .progmem.data.__c.5035
                0x0000000000000b0d        0xa obj_hhkb_rn42/common/command.o
 .progmem.data.__c.5032
                0x0000000000000b17       0x17 obj_hhkb_rn42/common/command.o
 .progmem.data.__c.5030
                0x0000000000000b2e       0x13 obj_hhkb_rn42/common/command.o
 .progmem.data.__c.5028
                0x0000000000000b41       0x13 obj_hhkb_rn42/common/command.o
 .progmem.data.__c.5026
                0x0000000000000b54       0x17 obj_hhkb_rn42/common/command.o
 .progmem.data.__c.5024
                0x0000000000000b6b       0x1a obj_hhkb_rn42/common/command.o
 .progmem.data.__c.5022
                0x0000000000000b85        0xe obj_hhkb_rn42/common/command.o
 .progmem.data.__c.5019
                0x0000000000000b93       0x2b obj_hhkb_rn42/common/command.o
 .progmem.data.__c.5017
                0x0000000000000bbe       0x3b obj_hhkb_rn42/common/command.o
 .progmem.data.__c.5015
                0x0000000000000bf9       0x2e obj_hhkb_rn42/common/command.o
 .progmem.data.__c.5013
                0x0000000000000c27       0x37 obj_hhkb_rn42/common/command.o
 .progmem.data.__c.5011
                0x0000000000000c5e       0x2d obj_hhkb_rn42/common/command.o
 .progmem.data.__c.5009
                0x0000000000000c8b        0xf obj_hhkb_rn42/common/command.o
 .progmem.data.__c.5006
                0x0000000000000c9a        0xd obj_hhkb_rn42/common/command.o
 .progmem.data.__c.5004
                0x0000000000000ca7        0xc obj_hhkb_rn42/common/command.o
 .progmem.data.__c.5001
                0x0000000000000cb3       0x10 obj_hhkb_rn42/common/command.o
 .progmem.data.__c.4999
                0x0000000000000cc3        0xf obj_hhkb_rn42/common/command.o
 .progmem.data.__c.4996
                0x0000000000000cd2        0xe obj_hhkb_rn42/common/command.o
 .progmem.data.__c.4994
                0x0000000000000ce0        0xd obj_hhkb_rn42/common/command.o
 .progmem.data.__c.4991
                0x0000000000000ced        0xc obj_hhkb_rn42/common/command.o
 .progmem.data.__c.4989
                0x0000000000000cf9        0xd obj_hhkb_rn42/common/command.o
 .progmem.data.__c.4986
                0x0000000000000d06       0x11 obj_hhkb_rn42/common/command.o
 .progmem.data.__c.4983
                0x0000000000000d17        0x4 obj_hhkb_rn42/common/command.o
                0x0000000000000d1c                . = ALIGN (0x2)
 *fill*         0x0000000000000d1b        0x1 
 *(.lowtext)
 *(.lowtext*)
                0x0000000000000d1c                __ctors_start = .
 *(.ctors)
                0x0000000000000d1c                __ctors_end = .
                0x0000000000000d1c                __dtors_start = .
 *(.dtors)
                0x0000000000000d1c                __dtors_end = .
 SORT_BY_NAME(*)(.ctors)
 SORT_BY_NAME(*)(.dtors)
 *(.init0)
 .init0         0x0000000000000d1c        0x0 /usr/lib/gcc/avr/8.2.0/../../../../avr/lib/avr5/crtatmega32u4.o
                0x0000000000000d1c                __init
 *(.init0)
 *(.init1)
 *(.init1)
 *(.init2)
 .init2         0x0000000000000d1c        0xc /usr/lib/gcc/avr/8.2.0/../../../../avr/lib/avr5/crtatmega32u4.o
 *(.init2)
 *(.init3)
 .init3         0x0000000000000d28       0x54 obj_hhkb_rn42/common/avr/bootloader.o
                0x0000000000000d28                bootloader_jump_after_watchdog_reset
 *(.init3)
 *(.init4)
 .init4         0x0000000000000d7c       0x16 /usr/lib/gcc/avr/8.2.0/avr5/libgcc.a(_copy_data.o)
                0x0000000000000d7c                __do_copy_data
 .init4         0x0000000000000d92       0x10 /usr/lib/gcc/avr/8.2.0/avr5/libgcc.a(_clear_bss.o)
                0x0000000000000d92                __do_clear_bss
 *(.init4)
 *(.init5)
 *(.init5)
 *(.init6)
 *(.init6)
 *(.init7)
 *(.init7)
 *(.init8)
 *(.init8)
 *(.init9)
 .init9         0x0000000000000da2        0x8 /usr/lib/gcc/avr/8.2.0/../../../../avr/lib/avr5/crtatmega32u4.o
 *(.init9)
 *(.text)
 .text          0x0000000000000daa        0x4 /usr/lib/gcc/avr/8.2.0/../../../../avr/lib/avr5/crtatmega32u4.o
                0x0000000000000daa                __vector_38
                0x0000000000000daa                __vector_22
                0x0000000000000daa                __vector_28
                0x0000000000000daa                __vector_1
                0x0000000000000daa                __vector_32
                0x0000000000000daa                __vector_34
                0x0000000000000daa                __vector_24
                0x0000000000000daa                __bad_interrupt
                0x0000000000000daa                __vector_6
                0x0000000000000daa                __vector_31
                0x0000000000000daa                __vector_35
                0x0000000000000daa                __vector_39
                0x0000000000000daa                __vector_3
                0x0000000000000daa                __vector_23
                0x0000000000000daa                __vector_30
                0x0000000000000daa                __vector_13
                0x0000000000000daa                __vector_17
                0x0000000000000daa                __vector_19
                0x0000000000000daa                __vector_7
                0x0000000000000daa                __vector_41
                0x0000000000000daa                __vector_27
                0x0000000000000daa                __vector_5
                0x0000000000000daa                __vector_33
                0x0000000000000daa                __vector_37
                0x0000000000000daa                __vector_4
                0x0000000000000daa                __vector_9
                0x0000000000000daa                __vector_2
                0x0000000000000daa                __vector_15
                0x0000000000000daa                __vector_36
                0x0000000000000daa                __vector_29
                0x0000000000000daa                __vector_40
                0x0000000000000daa                __vector_8
                0x0000000000000daa                __vector_26
                0x0000000000000daa                __vector_14
                0x0000000000000daa                __vector_16
                0x0000000000000daa                __vector_18
                0x0000000000000daa                __vector_20
                0x0000000000000daa                __vector_42
 .text          0x0000000000000dae       0x6e obj_hhkb_rn42/rn42/suart.o
                0x0000000000000dae                xmit
                0x0000000000000dce                rcvr
                0x0000000000000df4                recv
 .text          0x0000000000000e1c      0x15c obj_hhkb_rn42/common/avr/xprintf.o
                0x0000000000000e1c                xputc
                0x0000000000000e34                xputs
                0x0000000000000e42                xitoa
                0x0000000000000f66                __xprintf
                0x0000000000000f78                . = ALIGN (0x2)
 *(.text.*)
 .text.KEY_POWER_OFF
                0x0000000000000f78        0xc obj_hhkb_rn42/matrix.o
 .text.KEY_POWER_ON
                0x0000000000000f84       0x1a obj_hhkb_rn42/matrix.o
 .text.matrix_init
                0x0000000000000f9e       0x76 obj_hhkb_rn42/matrix.o
                0x0000000000000f9e                matrix_init
 .text.matrix_scan
                0x0000000000001014      0x1a4 obj_hhkb_rn42/matrix.o
                0x0000000000001014                matrix_scan
 .text.matrix_get_row
                0x00000000000011b8       0x14 obj_hhkb_rn42/matrix.o
                0x00000000000011b8                matrix_get_row
 .text.matrix_power_up
                0x00000000000011cc        0x4 obj_hhkb_rn42/matrix.o
                0x00000000000011cc                matrix_power_up
 .text.matrix_power_down
                0x00000000000011d0        0x4 obj_hhkb_rn42/matrix.o
                0x00000000000011d0                matrix_power_down
 .text.led_set  0x00000000000011d4        0xe obj_hhkb_rn42/led.o
                0x00000000000011d4                led_set
 .text.serial_init
                0x00000000000011e2       0x32 obj_hhkb_rn42/serial_uart.o
                0x00000000000011e2                serial_init
 .text.serial_recv2
                0x0000000000001214       0x46 obj_hhkb_rn42/serial_uart.o
                0x0000000000001214                serial_recv2
 .text.serial_send
                0x000000000000125a        0xe obj_hhkb_rn42/serial_uart.o
                0x000000000000125a                serial_send
 .text.__vector_25
                0x0000000000001268       0x68 obj_hhkb_rn42/serial_uart.o
                0x0000000000001268                __vector_25
 .text.keyboard_leds
                0x00000000000012d0        0x6 obj_hhkb_rn42/rn42/rn42.o
 .text.send_system
                0x00000000000012d6        0x2 obj_hhkb_rn42/rn42/rn42.o
 .text.config_send_keyboard
                0x00000000000012d8        0x2 obj_hhkb_rn42/rn42/rn42.o
 .text.send_consumer
                0x00000000000012da       0xa8 obj_hhkb_rn42/rn42/rn42.o
 .text.send_mouse
                0x0000000000001382       0x34 obj_hhkb_rn42/rn42/rn42.o
 .text.send_keyboard
                0x00000000000013b6       0x4c obj_hhkb_rn42/rn42/rn42.o
 .text.config_send_mouse
                0x0000000000001402        0x2 obj_hhkb_rn42/rn42/rn42.o
 .text.config_send_consumer
                0x0000000000001404        0x2 obj_hhkb_rn42/rn42/rn42.o
 .text.config_send_system
                0x0000000000001406        0x2 obj_hhkb_rn42/rn42/rn42.o
 .text.config_keyboard_leds
                0x0000000000001408        0x6 obj_hhkb_rn42/rn42/rn42.o
 .text.rn42_getc
                0x000000000000140e        0x4 obj_hhkb_rn42/rn42/rn42.o
                0x000000000000140e                rn42_getc
 .text.rn42_gets
                0x0000000000001412       0x5c obj_hhkb_rn42/rn42/rn42.o
                0x0000000000001412                rn42_gets
 .text.rn42_putc
                0x000000000000146e        0x4 obj_hhkb_rn42/rn42/rn42.o
                0x000000000000146e                rn42_putc
 .text.rn42_autoconnecting
                0x0000000000001472        0xa obj_hhkb_rn42/rn42/rn42.o
                0x0000000000001472                rn42_autoconnecting
 .text.rn42_autoconnect
                0x000000000000147c        0x6 obj_hhkb_rn42/rn42/rn42.o
                0x000000000000147c                rn42_autoconnect
 .text.rn42_init
                0x0000000000001482       0x20 obj_hhkb_rn42/rn42/rn42.o
                0x0000000000001482                rn42_init
 .text.rn42_disconnect
                0x00000000000014a2        0x6 obj_hhkb_rn42/rn42/rn42.o
                0x00000000000014a2                rn42_disconnect
 .text.rn42_rts
                0x00000000000014a8        0x8 obj_hhkb_rn42/rn42/rn42.o
                0x00000000000014a8                rn42_rts
 .text.rn42_linked
                0x00000000000014b0        0xa obj_hhkb_rn42/rn42/rn42.o
                0x00000000000014b0                rn42_linked
 .text.rn42_set_leds
                0x00000000000014ba        0x6 obj_hhkb_rn42/rn42/rn42.o
                0x00000000000014ba                rn42_set_leds
 .text.rn42_send_str
                0x00000000000014c0       0x1c obj_hhkb_rn42/rn42/rn42.o
                0x00000000000014c0                rn42_send_str
 .text.rn42_print_response
                0x00000000000014dc       0x2e obj_hhkb_rn42/rn42/rn42.o
                0x00000000000014dc                rn42_print_response
 .text.rn42_send_command
                0x000000000000150a       0x4c obj_hhkb_rn42/rn42/rn42.o
                0x000000000000150a                rn42_send_command
 .text.enter_command_mode
                0x0000000000001556       0x76 obj_hhkb_rn42/rn42/rn42_task.o
 .text.exit_command_mode
                0x00000000000015cc       0x24 obj_hhkb_rn42/rn42/rn42_task.o
 .text.rn42_task_init
                0x00000000000015f0        0xe obj_hhkb_rn42/rn42/rn42_task.o
                0x00000000000015f0                rn42_task_init
 .text.rn42_task
                0x00000000000015fe      0x252 obj_hhkb_rn42/rn42/rn42_task.o
                0x00000000000015fe                rn42_task
 .text.command_extra
                0x0000000000001850      0x4a6 obj_hhkb_rn42/rn42/rn42_task.o
                0x0000000000001850                command_extra
 .text.command_console_extra
                0x0000000000001cf6      0x25c obj_hhkb_rn42/rn42/rn42_task.o
                0x0000000000001cf6                command_console_extra
 .text.battery_led
                0x0000000000001f52       0x22 obj_hhkb_rn42/rn42/battery.o
                0x0000000000001f52                battery_led
 .text.battery_init
                0x0000000000001f74       0x8a obj_hhkb_rn42/rn42/battery.o
                0x0000000000001f74                battery_init
 .text.battery_charging
                0x0000000000001ffe       0x42 obj_hhkb_rn42/rn42/battery.o
                0x0000000000001ffe                battery_charging
 .text.battery_voltage
                0x0000000000002040       0x6e obj_hhkb_rn42/rn42/battery.o
                0x0000000000002040                battery_voltage
 .text.battery_status
                0x00000000000020ae       0x38 obj_hhkb_rn42/rn42/battery.o
                0x00000000000020ae                battery_status
 .text.sendchar_func
                0x00000000000020e6       0x14 obj_hhkb_rn42/rn42/main.o
 .text.startup.main
                0x00000000000020fa       0xea obj_hhkb_rn42/rn42/main.o
                0x00000000000020fa                main
 .text.keyboard_leds
                0x00000000000021e4        0x6 obj_hhkb_rn42/protocol/lufa/lufa.o
 .text.sendchar
                0x00000000000021ea       0xc6 obj_hhkb_rn42/protocol/lufa/lufa.o
                0x00000000000021ea                sendchar
 .text.send_consumer
                0x00000000000022b0       0x68 obj_hhkb_rn42/protocol/lufa/lufa.o
 .text.send_system
                0x0000000000002318       0x68 obj_hhkb_rn42/protocol/lufa/lufa.o
 .text.send_mouse
                0x0000000000002380       0x4a obj_hhkb_rn42/protocol/lufa/lufa.o
 .text.send_keyboard
                0x00000000000023ca       0xa2 obj_hhkb_rn42/protocol/lufa/lufa.o
 .text.EVENT_USB_Device_Connect
                0x000000000000246c       0x24 obj_hhkb_rn42/protocol/lufa/lufa.o
                0x000000000000246c                EVENT_USB_Device_Connect
 .text.EVENT_USB_Device_Disconnect
                0x0000000000002490        0xe obj_hhkb_rn42/protocol/lufa/lufa.o
                0x0000000000002490                EVENT_USB_Device_Disconnect
 .text.EVENT_USB_Device_Reset
                0x000000000000249e        0x2 obj_hhkb_rn42/protocol/lufa/lufa.o
                0x000000000000249e                EVENT_USB_Device_Reset
 .text.EVENT_USB_Device_StartOfFrame
                0x00000000000024a0       0x84 obj_hhkb_rn42/protocol/lufa/lufa.o
                0x00000000000024a0                EVENT_USB_Device_StartOfFrame
 .text.EVENT_USB_Device_ConfigurationChanged
                0x0000000000002524       0x32 obj_hhkb_rn42/protocol/lufa/lufa.o
                0x0000000000002524                EVENT_USB_Device_ConfigurationChanged
 .text.EVENT_USB_Device_ControlRequest
                0x0000000000002556      0x15a obj_hhkb_rn42/protocol/lufa/lufa.o
                0x0000000000002556                EVENT_USB_Device_ControlRequest
 .text.hook_usb_suspend_entry
                0x00000000000026b0       0x1a obj_hhkb_rn42/protocol/lufa/lufa.o
                0x00000000000026b0                hook_usb_suspend_entry
 .text.EVENT_USB_Device_Suspend
                0x00000000000026ca        0x4 obj_hhkb_rn42/protocol/lufa/lufa.o
                0x00000000000026ca                EVENT_USB_Device_Suspend
 .text.hook_usb_wakeup
                0x00000000000026ce        0xe obj_hhkb_rn42/protocol/lufa/lufa.o
                0x00000000000026ce                hook_usb_wakeup
 .text.EVENT_USB_Device_WakeUp
                0x00000000000026dc        0x4 obj_hhkb_rn42/protocol/lufa/lufa.o
                0x00000000000026dc                EVENT_USB_Device_WakeUp
 .text.CALLBACK_USB_GetDescriptor
                0x00000000000026e0       0xae obj_hhkb_rn42/protocol/lufa/descriptor.o
                0x00000000000026e0                CALLBACK_USB_GetDescriptor
 .text.USB_Device_SendRemoteWakeup
                0x000000000000278e       0x2c obj_hhkb_rn42/protocol/lufa/LUFA-git/LUFA/Drivers/USB/Core/AVR8/Device_AVR8.o
                0x000000000000278e                USB_Device_SendRemoteWakeup
 .text.Endpoint_Write_Stream_LE
                0x00000000000027ba       0x9e obj_hhkb_rn42/protocol/lufa/LUFA-git/LUFA/Drivers/USB/Core/AVR8/EndpointStream_AVR8.o
                0x00000000000027ba                Endpoint_Write_Stream_LE
 .text.Endpoint_Write_Control_Stream_LE
                0x0000000000002858       0xbc obj_hhkb_rn42/protocol/lufa/LUFA-git/LUFA/Drivers/USB/Core/AVR8/EndpointStream_AVR8.o
                0x0000000000002858                Endpoint_Write_Control_Stream_LE
 .text.Endpoint_Write_Control_PStream_LE
                0x0000000000002914       0xbe obj_hhkb_rn42/protocol/lufa/LUFA-git/LUFA/Drivers/USB/Core/AVR8/EndpointStream_AVR8.o
                0x0000000000002914                Endpoint_Write_Control_PStream_LE
 .text.Endpoint_ConfigureEndpoint_Prv
                0x00000000000029d2       0x68 obj_hhkb_rn42/protocol/lufa/LUFA-git/LUFA/Drivers/USB/Core/AVR8/Endpoint_AVR8.o
                0x00000000000029d2                Endpoint_ConfigureEndpoint_Prv
 .text.Endpoint_ClearStatusStage
                0x0000000000002a3a       0x3e obj_hhkb_rn42/protocol/lufa/LUFA-git/LUFA/Drivers/USB/Core/AVR8/Endpoint_AVR8.o
                0x0000000000002a3a                Endpoint_ClearStatusStage
 .text.Endpoint_WaitUntilReady
                0x0000000000002a78       0x5e obj_hhkb_rn42/protocol/lufa/LUFA-git/LUFA/Drivers/USB/Core/AVR8/Endpoint_AVR8.o
                0x0000000000002a78                Endpoint_WaitUntilReady
 .text.USB_Disable
                0x0000000000002ad6       0x34 obj_hhkb_rn42/protocol/lufa/LUFA-git/LUFA/Drivers/USB/Core/AVR8/USBController_AVR8.o
                0x0000000000002ad6                USB_Disable
 .text.USB_ResetInterface
                0x0000000000002b0a       0x86 obj_hhkb_rn42/protocol/lufa/LUFA-git/LUFA/Drivers/USB/Core/AVR8/USBController_AVR8.o
                0x0000000000002b0a                USB_ResetInterface
 .text.USB_Init
                0x0000000000002b90       0x22 obj_hhkb_rn42/protocol/lufa/LUFA-git/LUFA/Drivers/USB/Core/AVR8/USBController_AVR8.o
                0x0000000000002b90                USB_Init
 .text.USB_INT_DisableAllInterrupts
                0x0000000000002bb2       0x10 obj_hhkb_rn42/protocol/lufa/LUFA-git/LUFA/Drivers/USB/Core/AVR8/USBInterrupt_AVR8.o
                0x0000000000002bb2                USB_INT_DisableAllInterrupts
 .text.USB_INT_ClearAllInterrupts
                0x0000000000002bc2        0xa obj_hhkb_rn42/protocol/lufa/LUFA-git/LUFA/Drivers/USB/Core/AVR8/USBInterrupt_AVR8.o
                0x0000000000002bc2                USB_INT_ClearAllInterrupts
 .text.__vector_10
                0x0000000000002bcc      0x1a6 obj_hhkb_rn42/protocol/lufa/LUFA-git/LUFA/Drivers/USB/Core/AVR8/USBInterrupt_AVR8.o
                0x0000000000002bcc                __vector_10
 .text.__vector_11
                0x0000000000002d72       0x78 obj_hhkb_rn42/protocol/lufa/LUFA-git/LUFA/Drivers/USB/Core/AVR8/USBInterrupt_AVR8.o
                0x0000000000002d72                __vector_11
 .text.USB_Device_ProcessControlRequest
                0x0000000000002dea      0x298 obj_hhkb_rn42/protocol/lufa/LUFA-git/LUFA/Drivers/USB/Core/DeviceStandardReq.o
                0x0000000000002dea                USB_Device_ProcessControlRequest
 .text.host_set_driver
                0x0000000000003082        0xa obj_hhkb_rn42/common/host.o
                0x0000000000003082                host_set_driver
 .text.host_get_driver
                0x000000000000308c        0xa obj_hhkb_rn42/common/host.o
                0x000000000000308c                host_get_driver
 .text.host_keyboard_leds
                0x0000000000003096       0x18 obj_hhkb_rn42/common/host.o
                0x0000000000003096                host_keyboard_leds
 .text.host_keyboard_send
                0x00000000000030ae       0x98 obj_hhkb_rn42/common/host.o
                0x00000000000030ae                host_keyboard_send
 .text.host_mouse_send
                0x0000000000003146       0x16 obj_hhkb_rn42/common/host.o
                0x0000000000003146                host_mouse_send
 .text.host_system_send
                0x000000000000315c       0x5a obj_hhkb_rn42/common/host.o
                0x000000000000315c                host_system_send
 .text.host_consumer_send
                0x00000000000031b6       0x5a obj_hhkb_rn42/common/host.o
                0x00000000000031b6                host_consumer_send
 .text.keyboard_init
                0x0000000000003210        0x8 obj_hhkb_rn42/common/keyboard.o
                0x0000000000003210                keyboard_init
 .text.keyboard_task
                0x0000000000003218      0x156 obj_hhkb_rn42/common/keyboard.o
                0x0000000000003218                keyboard_task
 .text.keyboard_set_leds
                0x000000000000336e        0x4 obj_hhkb_rn42/common/keyboard.o
                0x000000000000336e                keyboard_set_leds
 .text.matrix_clear
                0x0000000000003372        0x2 obj_hhkb_rn42/common/matrix.o
                0x0000000000003372                matrix_clear
 .text.matrix_print
                0x0000000000003374       0x68 obj_hhkb_rn42/common/matrix.o
                0x0000000000003374                matrix_print
 .text.action_exec
                0x00000000000033dc       0x70 obj_hhkb_rn42/common/action.o
                0x00000000000033dc                action_exec
 .text.register_code
                0x000000000000344c      0x12e obj_hhkb_rn42/common/action.o
                0x000000000000344c                register_code
 .text.unregister_code
                0x000000000000357a       0x50 obj_hhkb_rn42/common/action.o
                0x000000000000357a                unregister_code
 .text.register_mods
                0x00000000000035ca        0xe obj_hhkb_rn42/common/action.o
                0x00000000000035ca                register_mods
 .text.unregister_mods
                0x00000000000035d8        0xe obj_hhkb_rn42/common/action.o
                0x00000000000035d8                unregister_mods
 .text.process_action
                0x00000000000035e6      0x634 obj_hhkb_rn42/common/action.o
                0x00000000000035e6                process_action
 .text.clear_keyboard_but_mods
                0x0000000000003c1a       0x24 obj_hhkb_rn42/common/action.o
                0x0000000000003c1a                clear_keyboard_but_mods
 .text.clear_keyboard
                0x0000000000003c3e        0x8 obj_hhkb_rn42/common/action.o
                0x0000000000003c3e                clear_keyboard
 .text.is_tap_key
                0x0000000000003c46       0x94 obj_hhkb_rn42/common/action.o
                0x0000000000003c46                is_tap_key
 .text.debug_event
                0x0000000000003cda       0x1e obj_hhkb_rn42/common/action.o
                0x0000000000003cda                debug_event
 .text.debug_record
                0x0000000000003cf8       0x20 obj_hhkb_rn42/common/action.o
                0x0000000000003cf8                debug_record
 .text.debug_waiting_buffer
                0x0000000000003d18       0x42 obj_hhkb_rn42/common/action_tapping.o
 .text.debug_tapping_key
                0x0000000000003d5a       0x1c obj_hhkb_rn42/common/action_tapping.o
 .text.waiting_buffer_scan_tap
                0x0000000000003d76       0xc8 obj_hhkb_rn42/common/action_tapping.o
 .text.process_tapping
                0x0000000000003e3e      0x3a0 obj_hhkb_rn42/common/action_tapping.o
 .text.action_tapping_process
                0x00000000000041de      0x134 obj_hhkb_rn42/common/action_tapping.o
                0x00000000000041de                action_tapping_process
 .text.action_macro_play
                0x0000000000004312      0x12a obj_hhkb_rn42/common/action_macro.o
                0x0000000000004312                action_macro_play
 .text.layer_state_set
                0x000000000000443c       0x14 obj_hhkb_rn42/common/action_layer.o
 .text.default_layer_debug
                0x0000000000004450        0x2 obj_hhkb_rn42/common/action_layer.o
                0x0000000000004450                default_layer_debug
 .text.default_layer_set
                0x0000000000004452       0x14 obj_hhkb_rn42/common/action_layer.o
                0x0000000000004452                default_layer_set
 .text.default_layer_or
                0x0000000000004466       0x34 obj_hhkb_rn42/common/action_layer.o
                0x0000000000004466                default_layer_or
 .text.default_layer_and
                0x000000000000449a       0x34 obj_hhkb_rn42/common/action_layer.o
                0x000000000000449a                default_layer_and
 .text.default_layer_xor
                0x00000000000044ce       0x34 obj_hhkb_rn42/common/action_layer.o
                0x00000000000044ce                default_layer_xor
 .text.layer_clear
                0x0000000000004502        0xa obj_hhkb_rn42/common/action_layer.o
                0x0000000000004502                layer_clear
 .text.layer_move
                0x000000000000450c       0x2a obj_hhkb_rn42/common/action_layer.o
                0x000000000000450c                layer_move
 .text.layer_on
                0x0000000000004536       0x42 obj_hhkb_rn42/common/action_layer.o
                0x0000000000004536                layer_on
 .text.layer_off
                0x0000000000004578       0x46 obj_hhkb_rn42/common/action_layer.o
                0x0000000000004578                layer_off
 .text.layer_invert
                0x00000000000045be       0x42 obj_hhkb_rn42/common/action_layer.o
                0x00000000000045be                layer_invert
 .text.layer_or
                0x0000000000004600       0x24 obj_hhkb_rn42/common/action_layer.o
                0x0000000000004600                layer_or
 .text.layer_and
                0x0000000000004624       0x24 obj_hhkb_rn42/common/action_layer.o
                0x0000000000004624                layer_and
 .text.layer_xor
                0x0000000000004648       0x24 obj_hhkb_rn42/common/action_layer.o
                0x0000000000004648                layer_xor
 .text.layer_debug
                0x000000000000466c        0x2 obj_hhkb_rn42/common/action_layer.o
                0x000000000000466c                layer_debug
 .text.layer_switch_get_action
                0x000000000000466e      0x144 obj_hhkb_rn42/common/action_layer.o
                0x000000000000466e                layer_switch_get_action
 .text.add_key  0x00000000000047b2       0x9c obj_hhkb_rn42/common/action_util.o
                0x00000000000047b2                add_key
 .text.del_key  0x000000000000484e       0x8a obj_hhkb_rn42/common/action_util.o
                0x000000000000484e                del_key
 .text.clear_keys
                0x00000000000048d8       0x1c obj_hhkb_rn42/common/action_util.o
                0x00000000000048d8                clear_keys
 .text.get_mods
                0x00000000000048f4        0x6 obj_hhkb_rn42/common/action_util.o
                0x00000000000048f4                get_mods
 .text.add_mods
                0x00000000000048fa        0xc obj_hhkb_rn42/common/action_util.o
                0x00000000000048fa                add_mods
 .text.del_mods
                0x0000000000004906        0xe obj_hhkb_rn42/common/action_util.o
                0x0000000000004906                del_mods
 .text.set_mods
                0x0000000000004914        0x6 obj_hhkb_rn42/common/action_util.o
                0x0000000000004914                set_mods
 .text.clear_mods
                0x000000000000491a        0x6 obj_hhkb_rn42/common/action_util.o
                0x000000000000491a                clear_mods
 .text.add_weak_mods
                0x0000000000004920        0xc obj_hhkb_rn42/common/action_util.o
                0x0000000000004920                add_weak_mods
 .text.del_weak_mods
                0x000000000000492c        0xe obj_hhkb_rn42/common/action_util.o
                0x000000000000492c                del_weak_mods
 .text.clear_weak_mods
                0x000000000000493a        0x6 obj_hhkb_rn42/common/action_util.o
                0x000000000000493a                clear_weak_mods
 .text.set_oneshot_mods
                0x0000000000004940       0x12 obj_hhkb_rn42/common/action_util.o
                0x0000000000004940                set_oneshot_mods
 .text.clear_oneshot_mods
                0x0000000000004952        0xe obj_hhkb_rn42/common/action_util.o
                0x0000000000004952                clear_oneshot_mods
 .text.has_anykey
                0x0000000000004960       0x20 obj_hhkb_rn42/common/action_util.o
                0x0000000000004960                has_anykey
 .text.send_keyboard_report
                0x0000000000004980       0xaa obj_hhkb_rn42/common/action_util.o
                0x0000000000004980                send_keyboard_report
 .text.print_set_sendchar
                0x0000000000004a2a        0xa obj_hhkb_rn42/common/print.o
                0x0000000000004a2a                print_set_sendchar
 .text.bitrev   0x0000000000004a34       0x30 obj_hhkb_rn42/common/util.o
                0x0000000000004a34                bitrev
 .text.hook_keyboard_loop
                0x0000000000004a64        0x2 obj_hhkb_rn42/common/hook.o
                0x0000000000004a64                hook_keyboard_loop
 .text.hook_matrix_change
                0x0000000000004a66       0x1e obj_hhkb_rn42/common/hook.o
                0x0000000000004a66                hook_matrix_change
 .text.hook_default_layer_change
                0x0000000000004a84        0x2 obj_hhkb_rn42/common/hook.o
                0x0000000000004a84                hook_default_layer_change
 .text.hook_layer_change
                0x0000000000004a86        0x2 obj_hhkb_rn42/common/hook.o
                0x0000000000004a86                hook_layer_change
 .text.hook_keyboard_leds_change
                0x0000000000004a88        0x4 obj_hhkb_rn42/common/hook.o
                0x0000000000004a88                hook_keyboard_leds_change
 .text.suspend_power_down
                0x0000000000004a8c       0x52 obj_hhkb_rn42/common/avr/suspend.o
                0x0000000000004a8c                suspend_power_down
 .text.suspend_wakeup_condition
                0x0000000000004ade       0x28 obj_hhkb_rn42/common/avr/suspend.o
                0x0000000000004ade                suspend_wakeup_condition
 .text.suspend_wakeup_init
                0x0000000000004b06        0x8 obj_hhkb_rn42/common/avr/suspend.o
                0x0000000000004b06                suspend_wakeup_init
 .text.__vector_12
                0x0000000000004b0e       0x4e obj_hhkb_rn42/common/avr/suspend.o
                0x0000000000004b0e                __vector_12
 .text.timer_init
                0x0000000000004b5c       0x12 obj_hhkb_rn42/common/avr/timer.o
                0x0000000000004b5c                timer_init
 .text.timer_read
                0x0000000000004b6e       0x18 obj_hhkb_rn42/common/avr/timer.o
                0x0000000000004b6e                timer_read
 .text.timer_read32
                0x0000000000004b86       0x18 obj_hhkb_rn42/common/avr/timer.o
                0x0000000000004b86                timer_read32
 .text.timer_elapsed
                0x0000000000004b9e       0x54 obj_hhkb_rn42/common/avr/timer.o
                0x0000000000004b9e                timer_elapsed
 .text.timer_elapsed32
                0x0000000000004bf2       0x3a obj_hhkb_rn42/common/avr/timer.o
                0x0000000000004bf2                timer_elapsed32
 .text.__vector_21
                0x0000000000004c2c       0x46 obj_hhkb_rn42/common/avr/timer.o
                0x0000000000004c2c                __vector_21
 .text.bootloader_jump
                0x0000000000004c72       0x44 obj_hhkb_rn42/common/avr/bootloader.o
                0x0000000000004c72                bootloader_jump
 .text.action_get_macro
                0x0000000000004cb6        0x6 obj_hhkb_rn42/common/keymap.o
                0x0000000000004cb6                action_get_macro
 .text.action_function
                0x0000000000004cbc        0x2 obj_hhkb_rn42/common/keymap.o
                0x0000000000004cbc                action_function
 .text.keymap_key_to_keycode
                0x0000000000004cbe       0x24 obj_hhkb_rn42/common/keymap.o
                0x0000000000004cbe                keymap_key_to_keycode
 .text.keymap_fn_to_action
                0x0000000000004ce2       0x16 obj_hhkb_rn42/common/keymap.o
                0x0000000000004ce2                keymap_fn_to_action
 .text.action_for_key
                0x0000000000004cf8      0x18c obj_hhkb_rn42/common/keymap.o
                0x0000000000004cf8                action_for_key
 .text.move_unit
                0x0000000000004e84       0x94 obj_hhkb_rn42/common/mousekey.o
 .text.wheel_unit
                0x0000000000004f18       0x72 obj_hhkb_rn42/common/mousekey.o
 .text.mousekey_on
                0x0000000000004f8a       0xd0 obj_hhkb_rn42/common/mousekey.o
                0x0000000000004f8a                mousekey_on
 .text.mousekey_off
                0x000000000000505a       0xfe obj_hhkb_rn42/common/mousekey.o
                0x000000000000505a                mousekey_off
 .text.mousekey_send
                0x0000000000005158      0x11a obj_hhkb_rn42/common/mousekey.o
                0x0000000000005158                mousekey_send
 .text.mousekey_task
                0x0000000000005272      0x142 obj_hhkb_rn42/common/mousekey.o
                0x0000000000005272                mousekey_task
 .text.mousekey_clear
                0x00000000000053b4       0x18 obj_hhkb_rn42/common/mousekey.o
                0x00000000000053b4                mousekey_clear
 .text.mousekey_console_help
                0x00000000000053cc       0x2e obj_hhkb_rn42/common/command.o
 .text.mousekey_param_inc
                0x00000000000053fa      0x148 obj_hhkb_rn42/common/command.o
 .text.mousekey_param_dec
                0x0000000000005542       0xfe obj_hhkb_rn42/common/command.o
 .text.switch_default_layer
                0x0000000000005640       0x3c obj_hhkb_rn42/common/command.o
 .text.command_common
                0x000000000000567c      0x23e obj_hhkb_rn42/common/command.o
 .text.command_proc
                0x00000000000058ba      0x298 obj_hhkb_rn42/common/command.o
                0x00000000000058ba                command_proc
 .text.avr-libc.fplib
                0x0000000000005b52        0xe /usr/lib/gcc/avr/8.2.0/../../../../avr/lib/avr5/libm.a(fixsfsi.o)
                0x0000000000005b52                __fixsfsi
 .text.avr-libc.fplib
                0x0000000000005b60       0x5e /usr/lib/gcc/avr/8.2.0/../../../../avr/lib/avr5/libm.a(fixunssfsi.o)
                0x0000000000005b60                __fixunssfsi
 .text.avr-libc.fplib
                0x0000000000005bbe       0x7a /usr/lib/gcc/avr/8.2.0/../../../../avr/lib/avr5/libm.a(floatsisf.o)
                0x0000000000005bbe                __floatunsisf
                0x0000000000005bc2                __floatsisf
 .text.avr-libc.fplib
                0x0000000000005c38       0x44 /usr/lib/gcc/avr/8.2.0/../../../../avr/lib/avr5/libm.a(fp_split3.o)
                0x0000000000005c38                __fp_split3
                0x0000000000005c48                __fp_splitA
 .text.avr-libc.fplib
                0x0000000000005c7c        0xe /usr/lib/gcc/avr/8.2.0/../../../../avr/lib/avr5/libm.a(fp_zero.o)
                0x0000000000005c7c                __fp_zero
                0x0000000000005c7e                __fp_szero
 .text.avr-libc.fplib
                0x0000000000005c8a        0x8 /usr/lib/gcc/avr/8.2.0/../../../../avr/lib/avr5/libm.a(mulsf3.o)
                0x0000000000005c8a                __mulsf3
 .text.avr-libc.fplib
                0x0000000000005c92       0xd2 /usr/lib/gcc/avr/8.2.0/../../../../avr/lib/avr5/libm.a(mulsf3x.o)
                0x0000000000005cb0                __mulsf3x
                0x0000000000005cb6                __mulsf3_pse
 .text.avr-libc.fplib
                0x0000000000005d64        0xc /usr/lib/gcc/avr/8.2.0/../../../../avr/lib/avr5/libm.a(fp_inf.o)
                0x0000000000005d64                __fp_inf
 .text.avr-libc.fplib
                0x0000000000005d70        0x6 /usr/lib/gcc/avr/8.2.0/../../../../avr/lib/avr5/libm.a(fp_nan.o)
                0x0000000000005d70                __fp_nan
 .text.avr-libc.fplib
                0x0000000000005d76        0xe /usr/lib/gcc/avr/8.2.0/../../../../avr/lib/avr5/libm.a(fp_pscA.o)
                0x0000000000005d76                __fp_pscA
 .text.avr-libc.fplib
                0x0000000000005d84        0xe /usr/lib/gcc/avr/8.2.0/../../../../avr/lib/avr5/libm.a(fp_pscB.o)
                0x0000000000005d84                __fp_pscB
 .text.avr-libc.fplib
                0x0000000000005d92       0x22 /usr/lib/gcc/avr/8.2.0/../../../../avr/lib/avr5/libm.a(fp_round.o)
                0x0000000000005d92                __fp_round
 .text.libgcc.div
                0x0000000000005db4       0x18 /usr/lib/gcc/avr/8.2.0/avr5/libgcc.a(_udivmodqi4.o)
                0x0000000000005db4                __udivmodqi4
 .text.libgcc.div
                0x0000000000005dcc       0x28 /usr/lib/gcc/avr/8.2.0/avr5/libgcc.a(_udivmodhi4.o)
                0x0000000000005dcc                __udivmodhi4
 .text.libgcc.div
                0x0000000000005df4       0x28 /usr/lib/gcc/avr/8.2.0/avr5/libgcc.a(_divmodhi4.o)
                0x0000000000005df4                __divmodhi4
                0x0000000000005df4                _div
 .text.libgcc.div
                0x0000000000005e1c       0x44 /usr/lib/gcc/avr/8.2.0/avr5/libgcc.a(_udivmodsi4.o)
                0x0000000000005e1c                __udivmodsi4
 .text.libgcc   0x0000000000005e60        0xc /usr/lib/gcc/avr/8.2.0/avr5/libgcc.a(_tablejump2.o)
                0x0000000000005e60                __tablejump2__
                0x0000000000005e6c                . = ALIGN (0x2)
 *(.fini9)
 .fini9         0x0000000000005e6c        0x0 /usr/lib/gcc/avr/8.2.0/avr5/libgcc.a(_exit.o)
                0x0000000000005e6c                exit
                0x0000000000005e6c                _exit
 *(.fini9)
 *(.fini8)
 *(.fini8)
 *(.fini7)
 *(.fini7)
 *(.fini6)
 *(.fini6)
 *(.fini5)
 *(.fini5)
 *(.fini4)
 *(.fini4)
 *(.fini3)
 *(.fini3)
 *(.fini2)
 *(.fini2)
 *(.fini1)
 *(.fini1)
 *(.fini0)
 .fini0         0x0000000000005e6c        0x4 /usr/lib/gcc/avr/8.2.0/avr5/libgcc.a(_exit.o)
 *(.fini0)
 *(.hightext)
 *(.hightext*)
 *(.progmemx.*)
                0x0000000000005e70                . = ALIGN (0x2)
 *(.jumptables)
 *(.jumptables*)
 .jumptables.gcc.command_console_extra
                0x0000000000005e70       0x92 obj_hhkb_rn42/rn42/rn42_task.o
 .jumptables.gcc.USB_Device_ProcessControlRequest
                0x0000000000005f02       0x14 obj_hhkb_rn42/protocol/lufa/LUFA-git/LUFA/Drivers/USB/Core/DeviceStandardReq.o
 .jumptables.gcc.process_action
                0x0000000000005f16       0x20 obj_hhkb_rn42/common/action.o
                0x0000000000005f36                _etext = .

.data           0x0000000000800100       0xa0 load address 0x0000000000005f36
                0x0000000000800100                PROVIDE (__data_start = .)
 *(.data)
 *(.data*)
 .data.rn42_config_driver
                0x0000000000800100        0xa obj_hhkb_rn42/rn42/rn42.o
                0x0000000000800100                rn42_config_driver
 .data.rn42_driver
                0x000000000080010a        0xa obj_hhkb_rn42/rn42/rn42.o
                0x000000000080010a                rn42_driver
 .data.prev_driver
                0x0000000000800114        0x2 obj_hhkb_rn42/rn42/rn42_task.o
 .data.lufa_driver
                0x0000000000800116        0xa obj_hhkb_rn42/protocol/lufa/lufa.o
                0x0000000000800116                lufa_driver
 .data.keyboard_protocol
                0x0000000000800120        0x1 obj_hhkb_rn42/protocol/lufa/lufa.o
                0x0000000000800120                keyboard_protocol
 .data.keyboard_nkro
                0x0000000000800121        0x1 obj_hhkb_rn42/common/host.o
                0x0000000000800121                keyboard_nkro
 .data.keyboard_report
                0x0000000000800122        0x2 obj_hhkb_rn42/common/action_util.o
                0x0000000000800122                keyboard_report
 .data.mk_wheel_time_to_max
                0x0000000000800124        0x1 obj_hhkb_rn42/common/mousekey.o
                0x0000000000800124                mk_wheel_time_to_max
 .data.mk_wheel_max_speed
                0x0000000000800125        0x1 obj_hhkb_rn42/common/mousekey.o
                0x0000000000800125                mk_wheel_max_speed
 .data.mk_time_to_max
                0x0000000000800126        0x1 obj_hhkb_rn42/common/mousekey.o
                0x0000000000800126                mk_time_to_max
 .data.mk_max_speed
                0x0000000000800127        0x1 obj_hhkb_rn42/common/mousekey.o
                0x0000000000800127                mk_max_speed
 .data.mk_interval
                0x0000000000800128        0x1 obj_hhkb_rn42/common/mousekey.o
                0x0000000000800128                mk_interval
 .data.mk_delay
                0x0000000000800129        0x1 obj_hhkb_rn42/common/mousekey.o
                0x0000000000800129                mk_delay
 *(.gnu.linkonce.d*)
 *(.rodata)
 *(.rodata*)
 .rodata.command_extra.str1.1
                0x000000000080012a       0x53 obj_hhkb_rn42/rn42/rn42_task.o
 .rodata.CSWTCH.2
                0x000000000080017d        0x5 obj_hhkb_rn42/protocol/lufa/descriptor.o
 .rodata.CSWTCH.1
                0x0000000000800182        0xa obj_hhkb_rn42/protocol/lufa/descriptor.o
 .rodata.CSWTCH.0
                0x000000000080018c        0xa obj_hhkb_rn42/protocol/lufa/descriptor.o
 .rodata.matrix_print.str1.1
                0x0000000000800196       0x53 obj_hhkb_rn42/common/matrix.o
                                          0x1 (size before relaxing)
 .rodata.CSWTCH.60
                0x0000000000800196        0xa obj_hhkb_rn42/common/command.o
 *(.gnu.linkonce.r*)
                0x00000000008001ea                . = ALIGN (0x2)
                0x00000000008001ea                _edata = .
                0x00000000008001ea                PROVIDE (__data_end = .)

.bss            0x00000000008001a0      0x236
                0x00000000008001a0                PROVIDE (__bss_start = .)
 *(.bss)
 .bss           0x00000000008001a0        0x2 obj_hhkb_rn42/common/avr/xprintf.o
                0x00000000008001a0                xfunc_out
 *(.bss*)
 .bss._matrix1  0x00000000008001a2        0x8 obj_hhkb_rn42/matrix.o
 .bss._matrix0  0x00000000008001aa        0x8 obj_hhkb_rn42/matrix.o
 .bss.matrix_prev
                0x00000000008001b2        0x2 obj_hhkb_rn42/matrix.o
 .bss.matrix    0x00000000008001b4        0x2 obj_hhkb_rn42/matrix.o
 .bss.matrix_last_modified
                0x00000000008001b6        0x4 obj_hhkb_rn42/matrix.o
 .bss.rbuf_tail
                0x00000000008001ba        0x1 obj_hhkb_rn42/serial_uart.o
 .bss.rbuf_head
                0x00000000008001bb        0x1 obj_hhkb_rn42/serial_uart.o
 .bss.rbuf      0x00000000008001bc      0x100 obj_hhkb_rn42/serial_uart.o
 .bss.s.4679    0x00000000008002bc        0x2 obj_hhkb_rn42/rn42/rn42.o
 .bss.s.4622    0x00000000008002be       0x18 obj_hhkb_rn42/rn42/rn42.o
 .bss.leds      0x00000000008002d6        0x1 obj_hhkb_rn42/rn42/rn42.o
 .bss.prev_timer.4962
                0x00000000008002d7        0x2 obj_hhkb_rn42/rn42/rn42_task.o
 .bss.state.4946
                0x00000000008002d9        0x1 obj_hhkb_rn42/rn42/rn42_task.o
 .bss.force_usb
                0x00000000008002da        0x1 obj_hhkb_rn42/rn42/rn42_task.o
 .bss.config_mode
                0x00000000008002db        0x1 obj_hhkb_rn42/rn42/rn42_task.o
 .bss.low.1716  0x00000000008002dc        0x1 obj_hhkb_rn42/rn42/battery.o
 .bss.timeouted.4962
                0x00000000008002dd        0x1 obj_hhkb_rn42/protocol/lufa/lufa.o
 .bss.count.4892
                0x00000000008002de        0x1 obj_hhkb_rn42/protocol/lufa/lufa.o
 .bss._led_stats
                0x00000000008002df        0x1 obj_hhkb_rn42/protocol/lufa/lufa.o
 .bss.console_flush
                0x00000000008002e0        0x1 obj_hhkb_rn42/protocol/lufa/lufa.o
 .bss.keyboard_report_sent
                0x00000000008002e1       0x20 obj_hhkb_rn42/protocol/lufa/lufa.o
 .bss.keyboard_led_stats
                0x0000000000800301        0x1 obj_hhkb_rn42/protocol/lufa/lufa.o
 .bss.keyboard_idle
                0x0000000000800302        0x1 obj_hhkb_rn42/protocol/lufa/lufa.o
                0x0000000000800302                keyboard_idle
 .bss.last_consumer_report
                0x0000000000800303        0x2 obj_hhkb_rn42/common/host.o
 .bss.last_system_report
                0x0000000000800305        0x2 obj_hhkb_rn42/common/host.o
 .bss.driver    0x0000000000800307        0x2 obj_hhkb_rn42/common/host.o
 .bss.led_status.4909
                0x0000000000800309        0x1 obj_hhkb_rn42/common/keyboard.o
 .bss.matrix_prev.4908
                0x000000000080030a        0x8 obj_hhkb_rn42/common/keyboard.o
 .bss.waiting_buffer_tail
                0x0000000000800312        0x1 obj_hhkb_rn42/common/action_tapping.o
 .bss.waiting_buffer_head
                0x0000000000800313        0x1 obj_hhkb_rn42/common/action_tapping.o
 .bss.waiting_buffer
                0x0000000000800314       0x30 obj_hhkb_rn42/common/action_tapping.o
 .bss.tapping_key
                0x0000000000800344        0x6 obj_hhkb_rn42/common/action_tapping.o
 .bss.layer_pressed
                0x000000000080034a       0x40 obj_hhkb_rn42/common/action_layer.o
 .bss.layer_state
                0x000000000080038a        0x4 obj_hhkb_rn42/common/action_layer.o
                0x000000000080038a                layer_state
 .bss.default_layer_state
                0x000000000080038e        0x4 obj_hhkb_rn42/common/action_layer.o
                0x000000000080038e                default_layer_state
 .bss.oneshot_time
                0x0000000000800392        0x2 obj_hhkb_rn42/common/action_util.o
 .bss.oneshot_mods
                0x0000000000800394        0x1 obj_hhkb_rn42/common/action_util.o
 .bss.__compound_literal.0
                0x0000000000800395       0x20 obj_hhkb_rn42/common/action_util.o
 .bss.weak_mods
                0x00000000008003b5        0x1 obj_hhkb_rn42/common/action_util.o
 .bss.real_mods
                0x00000000008003b6        0x1 obj_hhkb_rn42/common/action_util.o
 .bss.debug_config
                0x00000000008003b7        0x1 obj_hhkb_rn42/common/debug.o
                0x00000000008003b7                debug_config
 .bss.wdt_timeout
                0x00000000008003b8        0x1 obj_hhkb_rn42/common/avr/suspend.o
 .bss.timer_count
                0x00000000008003b9        0x4 obj_hhkb_rn42/common/avr/timer.o
                0x00000000008003b9                timer_count
 .bss.last_timer
                0x00000000008003bd        0x2 obj_hhkb_rn42/common/mousekey.o
 .bss.mousekey_accel
                0x00000000008003bf        0x1 obj_hhkb_rn42/common/mousekey.o
 .bss.mousekey_repeat
                0x00000000008003c0        0x1 obj_hhkb_rn42/common/mousekey.o
 .bss.mouse_report
                0x00000000008003c1        0x5 obj_hhkb_rn42/common/mousekey.o
 .bss.mousekey_param
                0x00000000008003c6        0x1 obj_hhkb_rn42/common/command.o
 .bss.command_state
                0x00000000008003c7        0x1 obj_hhkb_rn42/common/command.o
                0x00000000008003c7                command_state
 *(COMMON)
 COMMON         0x00000000008003c8        0x1 obj_hhkb_rn42/rn42/rn42_task.o
                0x00000000008003c8                rn42_nkro_last
 COMMON         0x00000000008003c9        0x3 obj_hhkb_rn42/protocol/lufa/LUFA-git/LUFA/Drivers/USB/Core/DeviceStandardReq.o
                0x00000000008003c9                USB_Device_ConfigurationNumber
                0x00000000008003ca                USB_Device_CurrentlySelfPowered
                0x00000000008003cb                USB_Device_RemoteWakeupEnabled
 COMMON         0x00000000008003cc        0xa obj_hhkb_rn42/protocol/lufa/LUFA-git/LUFA/Drivers/USB/Core/USBTask.o
                0x00000000008003cc                USB_IsInitialized
                0x00000000008003cd                USB_DeviceState
                0x00000000008003ce                USB_ControlRequest
                0x00000000008003d6                PROVIDE (__bss_end = .)
                0x0000000000005f36                __data_load_start = LOADADDR (.data)
                0x0000000000005fd6                __data_load_end = (__data_load_start + SIZEOF (.data))

.noinit         0x00000000008003d6        0x4
                [!provide]                        PROVIDE (__noinit_start = .)
 *(.noinit*)
 .noinit        0x00000000008003d6        0x4 obj_hhkb_rn42/common/avr/bootloader.o
                0x00000000008003d6                reset_key
                [!provide]                        PROVIDE (__noinit_end = .)
                0x00000000008003da                _end = .
                [!provide]                        PROVIDE (__heap_start = .)

.eeprom         0x0000000000810000        0x0
 *(.eeprom*)
                0x0000000000810000                __eeprom_end = .

.fuse
 *(.fuse)
 *(.lfuse)
 *(.hfuse)
 *(.efuse)

.lock
 *(.lock*)

.signature
 *(.signature*)

.stab           0x0000000000000000      0xbb8
 *(.stab)
 .stab          0x0000000000000000      0x30c obj_hhkb_rn42/rn42/suart.o
 .stab          0x000000000000030c      0x8ac obj_hhkb_rn42/common/avr/xprintf.o
                                        0x8b8 (size before relaxing)

.stabstr        0x0000000000000000       0xa8
 *(.stabstr)
 .stabstr       0x0000000000000000       0xa8 obj_hhkb_rn42/rn42/suart.o

.stab.excl
 *(.stab.excl)

.stab.exclstr
 *(.stab.exclstr)

.stab.index
 *(.stab.index)

.stab.indexstr
 *(.stab.indexstr)

.comment        0x0000000000000000       0x11
 *(.comment)
 .comment       0x0000000000000000       0x11 obj_hhkb_rn42/keymap_hhkb.o
                                         0x12 (size before relaxing)
 .comment       0x0000000000000011       0x12 obj_hhkb_rn42/matrix.o
 .comment       0x0000000000000011       0x12 obj_hhkb_rn42/led.o
 .comment       0x0000000000000011       0x12 obj_hhkb_rn42/serial_uart.o
 .comment       0x0000000000000011       0x12 obj_hhkb_rn42/rn42/rn42.o
 .comment       0x0000000000000011       0x12 obj_hhkb_rn42/rn42/rn42_task.o
 .comment       0x0000000000000011       0x12 obj_hhkb_rn42/rn42/battery.o
 .comment       0x0000000000000011       0x12 obj_hhkb_rn42/rn42/main.o
 .comment       0x0000000000000011       0x12 obj_hhkb_rn42/protocol/lufa/lufa.o
 .comment       0x0000000000000011       0x12 obj_hhkb_rn42/protocol/lufa/descriptor.o
 .comment       0x0000000000000011       0x12 obj_hhkb_rn42/protocol/lufa/LUFA-git/LUFA/Drivers/USB/Core/AVR8/Device_AVR8.o
 .comment       0x0000000000000011       0x12 obj_hhkb_rn42/protocol/lufa/LUFA-git/LUFA/Drivers/USB/Core/AVR8/EndpointStream_AVR8.o
 .comment       0x0000000000000011       0x12 obj_hhkb_rn42/protocol/lufa/LUFA-git/LUFA/Drivers/USB/Core/AVR8/Endpoint_AVR8.o
 .comment       0x0000000000000011       0x12 obj_hhkb_rn42/protocol/lufa/LUFA-git/LUFA/Drivers/USB/Core/AVR8/USBController_AVR8.o
 .comment       0x0000000000000011       0x12 obj_hhkb_rn42/protocol/lufa/LUFA-git/LUFA/Drivers/USB/Core/AVR8/USBInterrupt_AVR8.o
 .comment       0x0000000000000011       0x12 obj_hhkb_rn42/protocol/lufa/LUFA-git/LUFA/Drivers/USB/Core/DeviceStandardReq.o
 .comment       0x0000000000000011       0x12 obj_hhkb_rn42/protocol/lufa/LUFA-git/LUFA/Drivers/USB/Core/USBTask.o
 .comment       0x0000000000000011       0x12 obj_hhkb_rn42/common/host.o
 .comment       0x0000000000000011       0x12 obj_hhkb_rn42/common/keyboard.o
 .comment       0x0000000000000011       0x12 obj_hhkb_rn42/common/matrix.o
 .comment       0x0000000000000011       0x12 obj_hhkb_rn42/common/action.o
 .comment       0x0000000000000011       0x12 obj_hhkb_rn42/common/action_tapping.o
 .comment       0x0000000000000011       0x12 obj_hhkb_rn42/common/action_macro.o
 .comment       0x0000000000000011       0x12 obj_hhkb_rn42/common/action_layer.o
 .comment       0x0000000000000011       0x12 obj_hhkb_rn42/common/action_util.o
 .comment       0x0000000000000011       0x12 obj_hhkb_rn42/common/print.o
 .comment       0x0000000000000011       0x12 obj_hhkb_rn42/common/debug.o
 .comment       0x0000000000000011       0x12 obj_hhkb_rn42/common/util.o
 .comment       0x0000000000000011       0x12 obj_hhkb_rn42/common/hook.o
 .comment       0x0000000000000011       0x12 obj_hhkb_rn42/common/avr/suspend.o
 .comment       0x0000000000000011       0x12 obj_hhkb_rn42/common/avr/timer.o
 .comment       0x0000000000000011       0x12 obj_hhkb_rn42/common/avr/bootloader.o
 .comment       0x0000000000000011       0x12 obj_hhkb_rn42/common/keymap.o
 .comment       0x0000000000000011       0x12 obj_hhkb_rn42/common/mousekey.o
 .comment       0x0000000000000011       0x12 obj_hhkb_rn42/common/command.o

.note.gnu.avr.deviceinfo
                0x0000000000000000       0x40
 .note.gnu.avr.deviceinfo
                0x0000000000000000       0x40 /usr/lib/gcc/avr/8.2.0/../../../../avr/lib/avr5/crtatmega32u4.o

.note.gnu.build-id
 *(.note.gnu.build-id)

.debug
 *(.debug)

.line
 *(.line)

.debug_srcinfo
 *(.debug_srcinfo)

.debug_sfnames
 *(.debug_sfnames)

.debug_aranges  0x0000000000000000      0xa38
 *(.debug_aranges)
 .debug_aranges
                0x0000000000000000       0x18 obj_hhkb_rn42/keymap_hhkb.o
 .debug_aranges
                0x0000000000000018       0x50 obj_hhkb_rn42/matrix.o
 .debug_aranges
                0x0000000000000068       0x20 obj_hhkb_rn42/led.o
 .debug_aranges
                0x0000000000000088       0x40 obj_hhkb_rn42/serial_uart.o
 .debug_aranges
                0x00000000000000c8       0xc8 obj_hhkb_rn42/rn42/rn42.o
 .debug_aranges
                0x0000000000000190       0x48 obj_hhkb_rn42/rn42/rn42_task.o
 .debug_aranges
                0x00000000000001d8       0x40 obj_hhkb_rn42/rn42/battery.o
 .debug_aranges
                0x0000000000000218       0x28 obj_hhkb_rn42/rn42/main.o
 .debug_aranges
                0x0000000000000240       0xb0 obj_hhkb_rn42/protocol/lufa/lufa.o
 .debug_aranges
                0x00000000000002f0       0x20 obj_hhkb_rn42/protocol/lufa/descriptor.o
 .debug_aranges
                0x0000000000000310       0x20 obj_hhkb_rn42/protocol/lufa/LUFA-git/LUFA/Drivers/USB/Core/AVR8/Device_AVR8.o
 .debug_aranges
                0x0000000000000330       0xc8 obj_hhkb_rn42/protocol/lufa/LUFA-git/LUFA/Drivers/USB/Core/AVR8/EndpointStream_AVR8.o
 .debug_aranges
                0x00000000000003f8       0x40 obj_hhkb_rn42/protocol/lufa/LUFA-git/LUFA/Drivers/USB/Core/AVR8/Endpoint_AVR8.o
 .debug_aranges
                0x0000000000000438       0x30 obj_hhkb_rn42/protocol/lufa/LUFA-git/LUFA/Drivers/USB/Core/AVR8/USBController_AVR8.o
 .debug_aranges
                0x0000000000000468       0x38 obj_hhkb_rn42/protocol/lufa/LUFA-git/LUFA/Drivers/USB/Core/AVR8/USBInterrupt_AVR8.o
 .debug_aranges
                0x00000000000004a0       0x20 obj_hhkb_rn42/protocol/lufa/LUFA-git/LUFA/Drivers/USB/Core/DeviceStandardReq.o
 .debug_aranges
                0x00000000000004c0       0x20 obj_hhkb_rn42/protocol/lufa/LUFA-git/LUFA/Drivers/USB/Core/USBTask.o
 .debug_aranges
                0x00000000000004e0       0x60 obj_hhkb_rn42/common/host.o
 .debug_aranges
                0x0000000000000540       0x38 obj_hhkb_rn42/common/keyboard.o
 .debug_aranges
                0x0000000000000578       0x38 obj_hhkb_rn42/common/matrix.o
 .debug_aranges
                0x00000000000005b0       0x80 obj_hhkb_rn42/common/action.o
 .debug_aranges
                0x0000000000000630       0x40 obj_hhkb_rn42/common/action_tapping.o
 .debug_aranges
                0x0000000000000670       0x20 obj_hhkb_rn42/common/action_macro.o
 .debug_aranges
                0x0000000000000690       0x90 obj_hhkb_rn42/common/action_layer.o
 .debug_aranges
                0x0000000000000720       0xb0 obj_hhkb_rn42/common/action_util.o
 .debug_aranges
                0x00000000000007d0       0x20 obj_hhkb_rn42/common/print.o
 .debug_aranges
                0x00000000000007f0       0x18 obj_hhkb_rn42/common/debug.o
 .debug_aranges
                0x0000000000000808       0x60 obj_hhkb_rn42/common/util.o
 .debug_aranges
                0x0000000000000868       0x38 obj_hhkb_rn42/common/hook.o
 .debug_aranges
                0x00000000000008a0       0x40 obj_hhkb_rn42/common/avr/suspend.o
 .debug_aranges
                0x00000000000008e0       0x50 obj_hhkb_rn42/common/avr/timer.o
 .debug_aranges
                0x0000000000000930       0x28 obj_hhkb_rn42/common/avr/bootloader.o
 .debug_aranges
                0x0000000000000958       0x40 obj_hhkb_rn42/common/keymap.o
 .debug_aranges
                0x0000000000000998       0x50 obj_hhkb_rn42/common/mousekey.o
 .debug_aranges
                0x00000000000009e8       0x50 obj_hhkb_rn42/common/command.o

.debug_pubnames
 *(.debug_pubnames)

.debug_info     0x0000000000000000    0x16e71
 *(.debug_info .gnu.linkonce.wi.*)
 .debug_info    0x0000000000000000      0x9f4 /usr/lib/gcc/avr/8.2.0/../../../../avr/lib/avr5/crtatmega32u4.o
 .debug_info    0x00000000000009f4      0xef1 obj_hhkb_rn42/keymap_hhkb.o
 .debug_info    0x00000000000018e5      0xb97 obj_hhkb_rn42/matrix.o
 .debug_info    0x000000000000247c       0x94 obj_hhkb_rn42/led.o
 .debug_info    0x0000000000002510      0x1ab obj_hhkb_rn42/serial_uart.o
 .debug_info    0x00000000000026bb      0xd4f obj_hhkb_rn42/rn42/rn42.o
 .debug_info    0x000000000000340a     0x1929 obj_hhkb_rn42/rn42/rn42_task.o
 .debug_info    0x0000000000004d33      0x4ba obj_hhkb_rn42/rn42/battery.o
 .debug_info    0x00000000000051ed      0xae0 obj_hhkb_rn42/rn42/main.o
 .debug_info    0x0000000000005ccd     0x1cac obj_hhkb_rn42/protocol/lufa/lufa.o
 .debug_info    0x0000000000007979      0xa4b obj_hhkb_rn42/protocol/lufa/descriptor.o
 .debug_info    0x00000000000083c4      0x1c0 obj_hhkb_rn42/protocol/lufa/LUFA-git/LUFA/Drivers/USB/Core/AVR8/Device_AVR8.o
 .debug_info    0x0000000000008584     0x1da4 obj_hhkb_rn42/protocol/lufa/LUFA-git/LUFA/Drivers/USB/Core/AVR8/EndpointStream_AVR8.o
 .debug_info    0x000000000000a328      0x75d obj_hhkb_rn42/protocol/lufa/LUFA-git/LUFA/Drivers/USB/Core/AVR8/Endpoint_AVR8.o
 .debug_info    0x000000000000aa85      0x606 obj_hhkb_rn42/protocol/lufa/LUFA-git/LUFA/Drivers/USB/Core/AVR8/USBController_AVR8.o
 .debug_info    0x000000000000b08b      0xa3b obj_hhkb_rn42/protocol/lufa/LUFA-git/LUFA/Drivers/USB/Core/AVR8/USBInterrupt_AVR8.o
 .debug_info    0x000000000000bac6      0xc36 obj_hhkb_rn42/protocol/lufa/LUFA-git/LUFA/Drivers/USB/Core/DeviceStandardReq.o
 .debug_info    0x000000000000c6fc      0x2eb obj_hhkb_rn42/protocol/lufa/LUFA-git/LUFA/Drivers/USB/Core/USBTask.o
 .debug_info    0x000000000000c9e7      0x880 obj_hhkb_rn42/common/host.o
 .debug_info    0x000000000000d267      0x763 obj_hhkb_rn42/common/keyboard.o
 .debug_info    0x000000000000d9ca      0x1f1 obj_hhkb_rn42/common/matrix.o
 .debug_info    0x000000000000dbbb     0x19f4 obj_hhkb_rn42/common/action.o
 .debug_info    0x000000000000f5af      0xfda obj_hhkb_rn42/common/action_tapping.o
 .debug_info    0x0000000000010589      0xcc2 obj_hhkb_rn42/common/action_macro.o
 .debug_info    0x000000000001124b      0xa2f obj_hhkb_rn42/common/action_layer.o
 .debug_info    0x0000000000011c7a      0xa04 obj_hhkb_rn42/common/action_util.o
 .debug_info    0x000000000001267e       0xdf obj_hhkb_rn42/common/print.o
 .debug_info    0x000000000001275d      0x130 obj_hhkb_rn42/common/debug.o
 .debug_info    0x000000000001288d      0x2f9 obj_hhkb_rn42/common/util.o
 .debug_info    0x0000000000012b86      0x206 obj_hhkb_rn42/common/hook.o
 .debug_info    0x0000000000012d8c      0x6ac obj_hhkb_rn42/common/avr/suspend.o
 .debug_info    0x0000000000013438      0x24a obj_hhkb_rn42/common/avr/timer.o
 .debug_info    0x0000000000013682      0x3e4 obj_hhkb_rn42/common/avr/bootloader.o
 .debug_info    0x0000000000013a66     0x11e1 obj_hhkb_rn42/common/keymap.o
 .debug_info    0x0000000000014c47      0x9fd obj_hhkb_rn42/common/mousekey.o
 .debug_info    0x0000000000015644     0x182d obj_hhkb_rn42/common/command.o

.debug_abbrev   0x0000000000000000     0x615d
 *(.debug_abbrev)
 .debug_abbrev  0x0000000000000000      0x96a /usr/lib/gcc/avr/8.2.0/../../../../avr/lib/avr5/crtatmega32u4.o
 .debug_abbrev  0x000000000000096a      0x1b7 obj_hhkb_rn42/keymap_hhkb.o
 .debug_abbrev  0x0000000000000b21      0x39d obj_hhkb_rn42/matrix.o
 .debug_abbrev  0x0000000000000ebe       0x66 obj_hhkb_rn42/led.o
 .debug_abbrev  0x0000000000000f24       0xf6 obj_hhkb_rn42/serial_uart.o
 .debug_abbrev  0x000000000000101a      0x471 obj_hhkb_rn42/rn42/rn42.o
 .debug_abbrev  0x000000000000148b      0x451 obj_hhkb_rn42/rn42/rn42_task.o
 .debug_abbrev  0x00000000000018dc      0x204 obj_hhkb_rn42/rn42/battery.o
 .debug_abbrev  0x0000000000001ae0      0x3a6 obj_hhkb_rn42/rn42/main.o
 .debug_abbrev  0x0000000000001e86      0x65c obj_hhkb_rn42/protocol/lufa/lufa.o
 .debug_abbrev  0x00000000000024e2      0x207 obj_hhkb_rn42/protocol/lufa/descriptor.o
 .debug_abbrev  0x00000000000026e9       0xcb obj_hhkb_rn42/protocol/lufa/LUFA-git/LUFA/Drivers/USB/Core/AVR8/Device_AVR8.o
 .debug_abbrev  0x00000000000027b4      0x23b obj_hhkb_rn42/protocol/lufa/LUFA-git/LUFA/Drivers/USB/Core/AVR8/EndpointStream_AVR8.o
 .debug_abbrev  0x00000000000029ef      0x29d obj_hhkb_rn42/protocol/lufa/LUFA-git/LUFA/Drivers/USB/Core/AVR8/Endpoint_AVR8.o
 .debug_abbrev  0x0000000000002c8c      0x1f5 obj_hhkb_rn42/protocol/lufa/LUFA-git/LUFA/Drivers/USB/Core/AVR8/USBController_AVR8.o
 .debug_abbrev  0x0000000000002e81      0x291 obj_hhkb_rn42/protocol/lufa/LUFA-git/LUFA/Drivers/USB/Core/AVR8/USBInterrupt_AVR8.o
 .debug_abbrev  0x0000000000003112      0x34f obj_hhkb_rn42/protocol/lufa/LUFA-git/LUFA/Drivers/USB/Core/DeviceStandardReq.o
 .debug_abbrev  0x0000000000003461      0x1d9 obj_hhkb_rn42/protocol/lufa/LUFA-git/LUFA/Drivers/USB/Core/USBTask.o
 .debug_abbrev  0x000000000000363a      0x2a8 obj_hhkb_rn42/common/host.o
 .debug_abbrev  0x00000000000038e2      0x272 obj_hhkb_rn42/common/keyboard.o
 .debug_abbrev  0x0000000000003b54      0x190 obj_hhkb_rn42/common/matrix.o
 .debug_abbrev  0x0000000000003ce4      0x37a obj_hhkb_rn42/common/action.o
 .debug_abbrev  0x000000000000405e      0x351 obj_hhkb_rn42/common/action_tapping.o
 .debug_abbrev  0x00000000000043af      0x2c1 obj_hhkb_rn42/common/action_macro.o
 .debug_abbrev  0x0000000000004670      0x33e obj_hhkb_rn42/common/action_layer.o
 .debug_abbrev  0x00000000000049ae      0x3ae obj_hhkb_rn42/common/action_util.o
 .debug_abbrev  0x0000000000004d5c       0x9f obj_hhkb_rn42/common/print.o
 .debug_abbrev  0x0000000000004dfb       0xbb obj_hhkb_rn42/common/debug.o
 .debug_abbrev  0x0000000000004eb6       0xdd obj_hhkb_rn42/common/util.o
 .debug_abbrev  0x0000000000004f93      0x17d obj_hhkb_rn42/common/hook.o
 .debug_abbrev  0x0000000000005110      0x2ec obj_hhkb_rn42/common/avr/suspend.o
 .debug_abbrev  0x00000000000053fc      0x13d obj_hhkb_rn42/common/avr/timer.o
 .debug_abbrev  0x0000000000005539      0x248 obj_hhkb_rn42/common/avr/bootloader.o
 .debug_abbrev  0x0000000000005781      0x330 obj_hhkb_rn42/common/keymap.o
 .debug_abbrev  0x0000000000005ab1      0x296 obj_hhkb_rn42/common/mousekey.o
 .debug_abbrev  0x0000000000005d47      0x416 obj_hhkb_rn42/common/command.o

.debug_line     0x0000000000000000    0x13b7b
 *(.debug_line .debug_line.* .debug_line_end)
 .debug_line    0x0000000000000000       0x1d /usr/lib/gcc/avr/8.2.0/../../../../avr/lib/avr5/crtatmega32u4.o
 .debug_line    0x000000000000001d      0x1c2 obj_hhkb_rn42/keymap_hhkb.o
 .debug_line    0x00000000000001df      0xaee obj_hhkb_rn42/matrix.o
 .debug_line    0x0000000000000ccd       0xa6 obj_hhkb_rn42/led.o
 .debug_line    0x0000000000000d73      0x352 obj_hhkb_rn42/serial_uart.o
 .debug_line    0x00000000000010c5      0x991 obj_hhkb_rn42/rn42/rn42.o
 .debug_line    0x0000000000001a56     0x1442 obj_hhkb_rn42/rn42/rn42_task.o
 .debug_line    0x0000000000002e98      0x6c9 obj_hhkb_rn42/rn42/battery.o
 .debug_line    0x0000000000003561      0x643 obj_hhkb_rn42/rn42/main.o
 .debug_line    0x0000000000003ba4     0x1b0f obj_hhkb_rn42/protocol/lufa/lufa.o
 .debug_line    0x00000000000056b3      0x379 obj_hhkb_rn42/protocol/lufa/descriptor.o
 .debug_line    0x0000000000005a2c      0x27c obj_hhkb_rn42/protocol/lufa/LUFA-git/LUFA/Drivers/USB/Core/AVR8/Device_AVR8.o
 .debug_line    0x0000000000005ca8     0x3400 obj_hhkb_rn42/protocol/lufa/LUFA-git/LUFA/Drivers/USB/Core/AVR8/EndpointStream_AVR8.o
 .debug_line    0x00000000000090a8      0xa39 obj_hhkb_rn42/protocol/lufa/LUFA-git/LUFA/Drivers/USB/Core/AVR8/Endpoint_AVR8.o
 .debug_line    0x0000000000009ae1      0x707 obj_hhkb_rn42/protocol/lufa/LUFA-git/LUFA/Drivers/USB/Core/AVR8/USBController_AVR8.o
 .debug_line    0x000000000000a1e8      0xdbd obj_hhkb_rn42/protocol/lufa/LUFA-git/LUFA/Drivers/USB/Core/AVR8/USBInterrupt_AVR8.o
 .debug_line    0x000000000000afa5      0xd8a obj_hhkb_rn42/protocol/lufa/LUFA-git/LUFA/Drivers/USB/Core/DeviceStandardReq.o
 .debug_line    0x000000000000bd2f      0x2b1 obj_hhkb_rn42/protocol/lufa/LUFA-git/LUFA/Drivers/USB/Core/USBTask.o
 .debug_line    0x000000000000bfe0      0x559 obj_hhkb_rn42/common/host.o
 .debug_line    0x000000000000c539      0x46d obj_hhkb_rn42/common/keyboard.o
 .debug_line    0x000000000000c9a6      0x19f obj_hhkb_rn42/common/matrix.o
 .debug_line    0x000000000000cb45     0x153b obj_hhkb_rn42/common/action.o
 .debug_line    0x000000000000e080      0xcca obj_hhkb_rn42/common/action_tapping.o
 .debug_line    0x000000000000ed4a      0x548 obj_hhkb_rn42/common/action_macro.o
 .debug_line    0x000000000000f292      0x65f obj_hhkb_rn42/common/action_layer.o
 .debug_line    0x000000000000f8f1      0x929 obj_hhkb_rn42/common/action_util.o
 .debug_line    0x000000000001021a       0xa5 obj_hhkb_rn42/common/print.o
 .debug_line    0x00000000000102bf       0x8d obj_hhkb_rn42/common/debug.o
 .debug_line    0x000000000001034c      0x6e1 obj_hhkb_rn42/common/util.o
 .debug_line    0x0000000000010a2d       0xf2 obj_hhkb_rn42/common/hook.o
 .debug_line    0x0000000000010b1f      0x414 obj_hhkb_rn42/common/avr/suspend.o
 .debug_line    0x0000000000010f33      0x37c obj_hhkb_rn42/common/avr/timer.o
 .debug_line    0x00000000000112af      0x331 obj_hhkb_rn42/common/avr/bootloader.o
 .debug_line    0x00000000000115e0      0x4bb obj_hhkb_rn42/common/keymap.o
 .debug_line    0x0000000000011a9b     0x1051 obj_hhkb_rn42/common/mousekey.o
 .debug_line    0x0000000000012aec     0x108f obj_hhkb_rn42/common/command.o

.debug_frame    0x0000000000000000     0x1e58
 *(.debug_frame)
 .debug_frame   0x0000000000000000       0xa8 obj_hhkb_rn42/matrix.o
 .debug_frame   0x00000000000000a8       0x24 obj_hhkb_rn42/led.o
 .debug_frame   0x00000000000000cc       0x90 obj_hhkb_rn42/serial_uart.o
 .debug_frame   0x000000000000015c      0x23c obj_hhkb_rn42/rn42/rn42.o
 .debug_frame   0x0000000000000398      0x260 obj_hhkb_rn42/rn42/rn42_task.o
 .debug_frame   0x00000000000005f8       0x78 obj_hhkb_rn42/rn42/battery.o
 .debug_frame   0x0000000000000670       0x3c obj_hhkb_rn42/rn42/main.o
 .debug_frame   0x00000000000006ac      0x188 obj_hhkb_rn42/protocol/lufa/lufa.o
 .debug_frame   0x0000000000000834       0x24 obj_hhkb_rn42/protocol/lufa/descriptor.o
 .debug_frame   0x0000000000000858       0x24 obj_hhkb_rn42/protocol/lufa/LUFA-git/LUFA/Drivers/USB/Core/AVR8/Device_AVR8.o
 .debug_frame   0x000000000000087c      0x474 obj_hhkb_rn42/protocol/lufa/LUFA-git/LUFA/Drivers/USB/Core/AVR8/EndpointStream_AVR8.o
 .debug_frame   0x0000000000000cf0       0x7c obj_hhkb_rn42/protocol/lufa/LUFA-git/LUFA/Drivers/USB/Core/AVR8/Endpoint_AVR8.o
 .debug_frame   0x0000000000000d6c       0x5c obj_hhkb_rn42/protocol/lufa/LUFA-git/LUFA/Drivers/USB/Core/AVR8/USBController_AVR8.o
 .debug_frame   0x0000000000000dc8      0x104 obj_hhkb_rn42/protocol/lufa/LUFA-git/LUFA/Drivers/USB/Core/AVR8/USBInterrupt_AVR8.o
 .debug_frame   0x0000000000000ecc       0x3c obj_hhkb_rn42/protocol/lufa/LUFA-git/LUFA/Drivers/USB/Core/DeviceStandardReq.o
 .debug_frame   0x0000000000000f08       0x2c obj_hhkb_rn42/protocol/lufa/LUFA-git/LUFA/Drivers/USB/Core/USBTask.o
 .debug_frame   0x0000000000000f34      0x110 obj_hhkb_rn42/common/host.o
 .debug_frame   0x0000000000001044       0x9c obj_hhkb_rn42/common/keyboard.o
 .debug_frame   0x00000000000010e0       0xdc obj_hhkb_rn42/common/matrix.o
 .debug_frame   0x00000000000011bc      0x188 obj_hhkb_rn42/common/action.o
 .debug_frame   0x0000000000001344       0xe0 obj_hhkb_rn42/common/action_tapping.o
 .debug_frame   0x0000000000001424       0x50 obj_hhkb_rn42/common/action_macro.o
 .debug_frame   0x0000000000001474      0x1ec obj_hhkb_rn42/common/action_layer.o
 .debug_frame   0x0000000000001660      0x17c obj_hhkb_rn42/common/action_util.o
 .debug_frame   0x00000000000017dc       0x24 obj_hhkb_rn42/common/print.o
 .debug_frame   0x0000000000001800      0x110 obj_hhkb_rn42/common/util.o
 .debug_frame   0x0000000000001910       0x88 obj_hhkb_rn42/common/hook.o
 .debug_frame   0x0000000000001998       0x80 obj_hhkb_rn42/common/avr/suspend.o
 .debug_frame   0x0000000000001a18       0xbc obj_hhkb_rn42/common/avr/timer.o
 .debug_frame   0x0000000000001ad4       0x34 obj_hhkb_rn42/common/avr/bootloader.o
 .debug_frame   0x0000000000001b08       0x64 obj_hhkb_rn42/common/keymap.o
 .debug_frame   0x0000000000001b6c       0xf0 obj_hhkb_rn42/common/mousekey.o
 .debug_frame   0x0000000000001c5c      0x1fc obj_hhkb_rn42/common/command.o

.debug_str      0x0000000000000000     0x43f3
 *(.debug_str)
 .debug_str     0x0000000000000000      0x371 /usr/lib/gcc/avr/8.2.0/../../../../avr/lib/avr5/crtatmega32u4.o
 .debug_str     0x0000000000000371     0x104e obj_hhkb_rn42/keymap_hhkb.o
                                       0x1110 (size before relaxing)
 .debug_str     0x00000000000013bf      0x25b obj_hhkb_rn42/matrix.o
                                        0x601 (size before relaxing)
 .debug_str     0x000000000000161a       0x16 obj_hhkb_rn42/led.o
                                        0x193 (size before relaxing)
 .debug_str     0x0000000000001630       0x81 obj_hhkb_rn42/serial_uart.o
                                        0x214 (size before relaxing)
 .debug_str     0x00000000000016b1      0x1a5 obj_hhkb_rn42/rn42/rn42.o
                                        0x5c3 (size before relaxing)
 .debug_str     0x0000000000001856      0x1bf obj_hhkb_rn42/rn42/rn42_task.o
                                        0xf3f (size before relaxing)
 .debug_str     0x0000000000001a15       0x8b obj_hhkb_rn42/rn42/battery.o
                                        0x2d4 (size before relaxing)
 .debug_str     0x0000000000001aa0      0x1ef obj_hhkb_rn42/rn42/main.o
                                        0x703 (size before relaxing)
 .debug_str     0x0000000000001c8f      0x4ad obj_hhkb_rn42/protocol/lufa/lufa.o
                                        0xbc3 (size before relaxing)
 .debug_str     0x000000000000213c      0x7c5 obj_hhkb_rn42/protocol/lufa/descriptor.o
                                        0xac5 (size before relaxing)
 .debug_str     0x0000000000002901       0x7b obj_hhkb_rn42/protocol/lufa/LUFA-git/LUFA/Drivers/USB/Core/AVR8/Device_AVR8.o
                                        0x2f8 (size before relaxing)
 .debug_str     0x000000000000297c      0x4fd obj_hhkb_rn42/protocol/lufa/LUFA-git/LUFA/Drivers/USB/Core/AVR8/EndpointStream_AVR8.o
                                        0x8ec (size before relaxing)
 .debug_str     0x0000000000002e79      0x22a obj_hhkb_rn42/protocol/lufa/LUFA-git/LUFA/Drivers/USB/Core/AVR8/Endpoint_AVR8.o
                                        0x6ac (size before relaxing)
 .debug_str     0x00000000000030a3      0x19e obj_hhkb_rn42/protocol/lufa/LUFA-git/LUFA/Drivers/USB/Core/AVR8/USBController_AVR8.o
                                        0x5d0 (size before relaxing)
 .debug_str     0x0000000000003241      0x129 obj_hhkb_rn42/protocol/lufa/LUFA-git/LUFA/Drivers/USB/Core/AVR8/USBInterrupt_AVR8.o
                                        0x6a0 (size before relaxing)
 .debug_str     0x000000000000336a      0x417 obj_hhkb_rn42/protocol/lufa/LUFA-git/LUFA/Drivers/USB/Core/DeviceStandardReq.o
                                        0xa00 (size before relaxing)
 .debug_str     0x0000000000003781       0x6e obj_hhkb_rn42/protocol/lufa/LUFA-git/LUFA/Drivers/USB/Core/USBTask.o
                                        0x3ff (size before relaxing)
 .debug_str     0x00000000000037ef       0xa9 obj_hhkb_rn42/common/host.o
                                        0x4c3 (size before relaxing)
 .debug_str     0x0000000000003898      0x13e obj_hhkb_rn42/common/keyboard.o
                                        0x566 (size before relaxing)